2024-08-28 19:19:51,524 [INFO] Activator:176 - 


2024-08-28 19:19:51,527 [INFO] Activator:177 - !SESSION log4j initialized
2024-08-28 19:19:55,347 [INFO] LogOutputStream:77 - [STDOUT_REDIRECT] 
2024-08-28 19:19:59,344 [INFO] ApplicationProperties:184 - Using Application install path: /home/talbanesi/st/stm32cubeide_1.16.0/plugins/com.st.stm32cube.common.mx_6.12.0.202406281431
2024-08-28 19:19:59,384 [INFO] DbMcusXml:78 - Set database path to: /home/talbanesi/st/stm32cubeide_1.16.0/plugins/com.st.stm32cube.common.mx_6.12.0.202406281431//db//mcu/
2024-08-28 19:19:59,384 [INFO] ApiDb:274 - Set plugin database path to: /home/talbanesi/st/stm32cubeide_1.16.0/plugins/com.st.stm32cube.common.mx_6.12.0.202406281431//db//plugins/boardmanager/
2024-08-28 19:19:59,385 [WARN] ApiDb:259 - Overriding images path with different value:  => /home/talbanesi/st/stm32cubeide_1.16.0/plugins/com.st.stm32cube.common.mx_6.12.0.202406281431//db//plugins/mcufinder/images/
2024-08-28 19:19:59,397 [INFO] ApiDb:250 - Set database path to: /home/talbanesi/.stmcufinder/plugins/mcufinder//mcu/
2024-08-28 19:19:59,399 [INFO] DbMcusAds:125 - Set database path to: /home/talbanesi/.stmcufinder/plugins/mcufinder//mcu/
2024-08-28 19:19:59,403 [INFO] CrossReferenceDbSqlite:203 - Set database path to: /home/talbanesi/.stmcufinder/plugins/mcufinder//mcu/cs/
2024-08-28 19:19:59,679 [INFO] RulesReader:64 - Compatibility file has been processed (297 Rules)
2024-08-28 19:19:59,861 [INFO] DbMcusXml:78 - Set database path to: /home/talbanesi/st/stm32cubeide_1.16.0/plugins/com.st.stm32cube.common.mx_6.12.0.202406281431//db//mcu/
2024-08-28 19:19:59,862 [INFO] ApiDb:274 - Set plugin database path to: /home/talbanesi/st/stm32cubeide_1.16.0/plugins/com.st.stm32cube.common.mx_6.12.0.202406281431//db//plugins/boardmanager/
2024-08-28 19:19:59,863 [INFO] ApiDb:261 - Set plugin images path to: /home/talbanesi/st/stm32cubeide_1.16.0/plugins/com.st.stm32cube.common.mx_6.12.0.202406281431//db//plugins/mcufinder/images/
2024-08-28 19:19:59,865 [WARN] DbFile:41 - Overriding database path with different value: /home/talbanesi/.stmcufinder/plugins/mcufinder/ => /home/talbanesi/.stmcufinder/plugins/mcufinder
2024-08-28 19:19:59,865 [INFO] ApiDb:250 - Set database path to: /home/talbanesi/.stmcufinder/plugins/mcufinder//mcu/
2024-08-28 19:19:59,865 [WARN] DbFile:41 - Overriding database path with different value: /home/talbanesi/.stmcufinder/plugins/mcufinder/ => /home/talbanesi/.stmcufinder/plugins/mcufinder
2024-08-28 19:19:59,865 [INFO] DbMcusAds:125 - Set database path to: /home/talbanesi/.stmcufinder/plugins/mcufinder//mcu/
2024-08-28 19:19:59,866 [WARN] DbFile:41 - Overriding database path with different value: /home/talbanesi/.stmcufinder/plugins/mcufinder/ => /home/talbanesi/.stmcufinder/plugins/mcufinder
2024-08-28 19:19:59,866 [WARN] DbFile:41 - Overriding database path with different value: /home/talbanesi/.stmcufinder/plugins/mcufinder/ => /home/talbanesi/.stmcufinder/plugins/mcufinder
2024-08-28 19:19:59,866 [INFO] CrossReferenceDbSqlite:203 - Set database path to: /home/talbanesi/.stmcufinder/plugins/mcufinder//mcu/cs/
2024-08-28 19:20:00,053 [INFO] MainPanel:268 - HeapMemory: 268435456
2024-08-28 19:20:00,343 [INFO] DbMcusXml:78 - Set database path to: /home/talbanesi/st/stm32cubeide_1.16.0/plugins/com.st.stm32cube.common.mx_6.12.0.202406281431//db//mcu/
2024-08-28 19:20:00,343 [INFO] ApiDb:274 - Set plugin database path to: /home/talbanesi/st/stm32cubeide_1.16.0/plugins/com.st.stm32cube.common.mx_6.12.0.202406281431//db//plugins/boardmanager/
2024-08-28 19:20:00,344 [INFO] ApiDb:261 - Set plugin images path to: /home/talbanesi/st/stm32cubeide_1.16.0/plugins/com.st.stm32cube.common.mx_6.12.0.202406281431//db//plugins/mcufinder/images/
2024-08-28 19:20:00,345 [WARN] DbFile:41 - Overriding database path with different value: /home/talbanesi/.stmcufinder/plugins/mcufinder/ => /home/talbanesi/.stmcufinder/plugins/mcufinder
2024-08-28 19:20:00,345 [INFO] ApiDb:250 - Set database path to: /home/talbanesi/.stmcufinder/plugins/mcufinder//mcu/
2024-08-28 19:20:00,346 [WARN] DbFile:41 - Overriding database path with different value: /home/talbanesi/.stmcufinder/plugins/mcufinder/ => /home/talbanesi/.stmcufinder/plugins/mcufinder
2024-08-28 19:20:00,346 [INFO] DbMcusAds:125 - Set database path to: /home/talbanesi/.stmcufinder/plugins/mcufinder//mcu/
2024-08-28 19:20:00,346 [WARN] DbFile:41 - Overriding database path with different value: /home/talbanesi/.stmcufinder/plugins/mcufinder/ => /home/talbanesi/.stmcufinder/plugins/mcufinder
2024-08-28 19:20:00,346 [WARN] DbFile:41 - Overriding database path with different value: /home/talbanesi/.stmcufinder/plugins/mcufinder/ => /home/talbanesi/.stmcufinder/plugins/mcufinder
2024-08-28 19:20:00,346 [INFO] CrossReferenceDbSqlite:203 - Set database path to: /home/talbanesi/.stmcufinder/plugins/mcufinder//mcu/cs/
2024-08-28 19:20:00,386 [INFO] ApplicationProperties:184 - Using Application install path: /home/talbanesi/st/stm32cubeide_1.16.0/plugins/com.st.stm32cube.common.mx_6.12.0.202406281431
2024-08-28 19:20:00,391 [INFO] PluginManage:196 - Search for loadable plugins [exclusion list=, ]
2024-08-28 19:20:00,394 [INFO] PluginManage:310 - Check plugin analytics
2024-08-28 19:20:00,767 [INFO] AnalyticsPlugin:253 - Accepted Software Licenses: 
2024-08-28 19:20:00,767 [INFO] AnalyticsPlugin:255 - Accepted CMSIS Pack Licenses: 
2024-08-28 19:20:00,768 [INFO] AnalyticsPlugin:257 - Accepted Firmware Licenses: FW.F4.1.28.0
2024-08-28 19:20:00,781 [INFO] PluginManage:359 - Loaded plugin analytics (category:tool,tabindex:-1)
2024-08-28 19:20:00,782 [INFO] PluginManage:310 - Check plugin cadmodel
2024-08-28 19:20:00,793 [INFO] CADModel:105 - Init CAD model plugin
2024-08-28 19:20:00,794 [INFO] PluginManage:359 - Loaded plugin cadmodel (category:power,tabindex:5)
2024-08-28 19:20:00,795 [INFO] PluginManage:310 - Check plugin clock
2024-08-28 19:20:00,818 [INFO] PluginManage:359 - Loaded plugin clock (category:base,tabindex:2)
2024-08-28 19:20:00,819 [INFO] PluginManage:310 - Check plugin ddr
2024-08-28 19:20:00,825 [INFO] PluginManage:359 - Loaded plugin ddr (category:tool,tabindex:6)
2024-08-28 19:20:00,826 [INFO] PluginManage:310 - Check plugin filemanager
2024-08-28 19:20:01,208 [INFO] PluginManage:359 - Loaded plugin filemanager (category:base,tabindex:10)
2024-08-28 19:20:01,208 [INFO] PluginManage:310 - Check plugin ipmanager
2024-08-28 19:20:01,218 [INFO] PluginManage:359 - Loaded plugin ipmanager (category:base,tabindex:5)
2024-08-28 19:20:01,218 [INFO] PluginManage:310 - Check plugin lpbam
2024-08-28 19:20:01,236 [INFO] PluginManage:359 - Loaded plugin lpbam (category:base,tabindex:0)
2024-08-28 19:20:01,236 [INFO] PluginManage:310 - Check plugin memorymap
2024-08-28 19:20:01,257 [INFO] PluginManage:359 - Loaded plugin memorymap (category:base,tabindex:4)
2024-08-28 19:20:01,258 [INFO] PluginManage:310 - Check plugin pinoutandconfiguration
2024-08-28 19:20:01,270 [INFO] PluginManage:359 - Loaded plugin pinoutandconfiguration (category:base,tabindex:1)
2024-08-28 19:20:01,271 [INFO] PluginManage:310 - Check plugin pinoutconfig
2024-08-28 19:20:01,409 [WARN] SupportedApi:132 - Cannot load RTOS API schema: s4s-elt-must-match.1: The content of 'definitions' must match (annotation?, (simpleType | complexType)?, (unique | key | keyref)*)). A problem was found starting at: attribute.
2024-08-28 19:20:01,649 [INFO] PluginManage:359 - Loaded plugin pinoutconfig (category:base,tabindex:0)
2024-08-28 19:20:01,649 [INFO] PluginManage:310 - Check plugin power
2024-08-28 19:20:01,663 [INFO] PluginManage:359 - Loaded plugin power (category:power,tabindex:4)
2024-08-28 19:20:01,664 [INFO] PluginManage:310 - Check plugin projectmanager
2024-08-28 19:20:01,695 [INFO] PluginManage:359 - Loaded plugin projectmanager (category:projectmanager,tabindex:4)
2024-08-28 19:20:01,696 [INFO] PluginManage:310 - Check plugin rif
2024-08-28 19:20:01,704 [INFO] PluginManage:359 - Loaded plugin rif (category:base,tabindex:3)
2024-08-28 19:20:01,704 [INFO] PluginManage:310 - Check plugin thirdparty
2024-08-28 19:20:01,947 [WARN] IntegrityCheckThread:84 - waiting for thirdparty lock release [integrity check]
2024-08-28 19:20:01,947 [INFO] PluginManage:359 - Loaded plugin thirdparty (category:base,tabindex:-1)
2024-08-28 19:20:01,948 [INFO] PluginManage:310 - Check plugin tools
2024-08-28 19:20:01,948 [INFO] IntegrityCheckThread:86 - entering critical section [integrity check]
2024-08-28 19:20:01,949 [INFO] ThirdPartyUpdaterWithRetryManager:70 - Updater plugin not ready yet. [1/15]
2024-08-28 19:20:01,953 [INFO] PluginManage:359 - Loaded plugin tools (category:base,tabindex:7)
2024-08-28 19:20:01,953 [INFO] PluginManage:310 - Check plugin tutovideos
2024-08-28 19:20:02,258 [INFO] PluginManage:359 - Loaded plugin tutovideos (category:base,tabindex:-1)
2024-08-28 19:20:02,258 [INFO] PluginManage:310 - Check plugin updater
2024-08-28 19:20:02,306 [INFO] PluginManage:359 - Loaded plugin updater (category:base,tabindex:12)
2024-08-28 19:20:02,306 [INFO] PluginManage:310 - Check plugin userauth
2024-08-28 19:20:02,317 [INFO] UserAuth:113 - Init User Auth plugin
2024-08-28 19:20:02,318 [INFO] PluginManage:359 - Loaded plugin userauth (category:base,tabindex:14)
2024-08-28 19:20:02,319 [INFO] PluginManage:283 - PluginManage : Loaded plugins [18]
2024-08-28 19:20:02,643 [INFO] PinOutPanel:1561 - setPackage(No Configuration,No Configuration)
2024-08-28 19:20:02,769 [INFO] CADModel:165 - CPN selected for project level
2024-08-28 19:20:02,770 [INFO] CADModel:114 - Register for checkConnection events
2024-08-28 19:20:02,790 [INFO] IPUIPlugin:80 - create IPUIPlugin
2024-08-28 19:20:02,791 [INFO] PluginManager:220 - loadIPPluginJar : add freertos
2024-08-28 19:20:02,793 [INFO] IPUIPlugin:80 - create IPUIPlugin
2024-08-28 19:20:02,793 [INFO] PluginManager:220 - loadIPPluginJar : add comp
2024-08-28 19:20:02,799 [INFO] IPUIPlugin:80 - create IPUIPlugin
2024-08-28 19:20:02,800 [INFO] PluginManager:220 - loadIPPluginJar : add gfxmmu
2024-08-28 19:20:02,807 [INFO] IPUIPlugin:80 - create IPUIPlugin
2024-08-28 19:20:02,808 [INFO] PluginManager:220 - loadIPPluginJar : add gic
2024-08-28 19:20:02,811 [INFO] IPUIPlugin:80 - create IPUIPlugin
2024-08-28 19:20:02,811 [INFO] PluginManager:220 - loadIPPluginJar : add aes
2024-08-28 19:20:02,814 [INFO] IPUIPlugin:80 - create IPUIPlugin
2024-08-28 19:20:02,815 [INFO] PluginManager:220 - loadIPPluginJar : add spi
2024-08-28 19:20:02,818 [INFO] IPUIPlugin:80 - create IPUIPlugin
2024-08-28 19:20:02,819 [INFO] PluginManager:220 - loadIPPluginJar : add i2s
2024-08-28 19:20:02,821 [INFO] IPUIPlugin:80 - create IPUIPlugin
2024-08-28 19:20:02,822 [INFO] PluginManager:220 - loadIPPluginJar : add tracer_emb
2024-08-28 19:20:02,826 [INFO] IPUIPlugin:80 - create IPUIPlugin
2024-08-28 19:20:02,827 [INFO] PluginManager:220 - loadIPPluginJar : add usbx
2024-08-28 19:20:02,836 [INFO] IPUIPlugin:80 - create IPUIPlugin
2024-08-28 19:20:02,840 [INFO] PluginManager:220 - loadIPPluginJar : add plateformsettings
2024-08-28 19:20:02,850 [INFO] IPUIPlugin:80 - create IPUIPlugin
2024-08-28 19:20:02,850 [INFO] PluginManager:220 - loadIPPluginJar : add stm32_wpan
2024-08-28 19:20:02,854 [INFO] IPUIPlugin:80 - create IPUIPlugin
2024-08-28 19:20:02,854 [INFO] PluginManager:220 - loadIPPluginJar : add i2c
2024-08-28 19:20:02,858 [INFO] IPUIPlugin:80 - create IPUIPlugin
2024-08-28 19:20:02,858 [INFO] PluginManager:220 - loadIPPluginJar : add can
2024-08-28 19:20:02,861 [INFO] IPUIPlugin:80 - create IPUIPlugin
2024-08-28 19:20:02,861 [INFO] PluginManager:220 - loadIPPluginJar : add tsc
2024-08-28 19:20:02,866 [INFO] IPUIPlugin:80 - create IPUIPlugin
2024-08-28 19:20:02,866 [INFO] PluginManager:220 - loadIPPluginJar : add ipddr
2024-08-28 19:20:02,871 [INFO] IPUIPlugin:80 - create IPUIPlugin
2024-08-28 19:20:02,871 [INFO] PluginManager:220 - loadIPPluginJar : add nvic
2024-08-28 19:20:02,875 [INFO] IPUIPlugin:80 - create IPUIPlugin
2024-08-28 19:20:02,875 [INFO] PluginManager:220 - loadIPPluginJar : add opamp
2024-08-28 19:20:02,878 [INFO] IPUIPlugin:80 - create IPUIPlugin
2024-08-28 19:20:02,879 [INFO] PluginManager:220 - loadIPPluginJar : add ddr_ctrl_phy
2024-08-28 19:20:02,884 [INFO] IPUIPlugin:80 - create IPUIPlugin
2024-08-28 19:20:02,884 [INFO] PluginManager:220 - loadIPPluginJar : add gpio
2024-08-28 19:20:02,888 [INFO] IPUIPlugin:80 - create IPUIPlugin
2024-08-28 19:20:02,888 [INFO] PluginManager:220 - loadIPPluginJar : add gtzc
2024-08-28 19:20:02,891 [INFO] IPUIPlugin:80 - create IPUIPlugin
2024-08-28 19:20:02,892 [INFO] PluginManager:220 - loadIPPluginJar : add usart
2024-08-28 19:20:02,900 [INFO] IPUIPlugin:80 - create IPUIPlugin
2024-08-28 19:20:02,901 [INFO] PluginManager:220 - loadIPPluginJar : add mdma
2024-08-28 19:20:02,905 [INFO] IPUIPlugin:80 - create IPUIPlugin
2024-08-28 19:20:02,905 [INFO] PluginManager:220 - loadIPPluginJar : add extmemmanager
2024-08-28 19:20:02,909 [INFO] IPUIPlugin:80 - create IPUIPlugin
2024-08-28 19:20:02,910 [INFO] PluginManager:220 - loadIPPluginJar : add sai
2024-08-28 19:20:02,913 [INFO] IPUIPlugin:80 - create IPUIPlugin
2024-08-28 19:20:02,913 [INFO] PluginManager:220 - loadIPPluginJar : add ts
2024-08-28 19:20:02,916 [INFO] IPUIPlugin:80 - create IPUIPlugin
2024-08-28 19:20:02,916 [INFO] PluginManager:220 - loadIPPluginJar : add genericplugin
2024-08-28 19:20:02,918 [INFO] IPUIPlugin:80 - create IPUIPlugin
2024-08-28 19:20:02,918 [INFO] PluginManager:220 - loadIPPluginJar : add tim
2024-08-28 19:20:02,920 [INFO] IPUIPlugin:80 - create IPUIPlugin
2024-08-28 19:20:02,921 [INFO] PluginManager:220 - loadIPPluginJar : add fatfs
2024-08-28 19:20:02,923 [INFO] IPUIPlugin:80 - create IPUIPlugin
2024-08-28 19:20:02,923 [INFO] PluginManager:220 - loadIPPluginJar : add quadspi
2024-08-28 19:20:02,927 [INFO] IPUIPlugin:80 - create IPUIPlugin
2024-08-28 19:20:02,928 [INFO] PluginManager:220 - loadIPPluginJar : add resmgrutility
2024-08-28 19:20:02,930 [INFO] IPUIPlugin:80 - create IPUIPlugin
2024-08-28 19:20:02,930 [INFO] PluginManager:220 - loadIPPluginJar : add ltdc
2024-08-28 19:20:02,936 [INFO] IPUIPlugin:80 - create IPUIPlugin
2024-08-28 19:20:02,937 [INFO] PluginManager:220 - loadIPPluginJar : add fmc
2024-08-28 19:20:02,941 [INFO] IPUIPlugin:80 - create IPUIPlugin
2024-08-28 19:20:02,941 [INFO] PluginManager:220 - loadIPPluginJar : add openamp
2024-08-28 19:20:02,949 [INFO] IPUIPlugin:80 - create IPUIPlugin
2024-08-28 19:20:02,950 [INFO] PluginManager:220 - loadIPPluginJar : add dma
2024-08-28 19:20:02,953 [INFO] IPUIPlugin:80 - create IPUIPlugin
2024-08-28 19:20:02,953 [INFO] PluginManager:220 - loadIPPluginJar : add lorawan
2024-08-28 19:20:02,957 [INFO] IPUIPlugin:80 - create IPUIPlugin
2024-08-28 19:20:02,957 [INFO] PluginManager:220 - loadIPPluginJar : add cryp
2024-08-28 19:20:02,966 [INFO] IPUIPlugin:80 - create IPUIPlugin
2024-08-28 19:20:02,967 [INFO] PluginManager:220 - loadIPPluginJar : add adc
2024-08-28 19:20:02,977 [INFO] IPUIPlugin:80 - create IPUIPlugin
2024-08-28 19:20:02,977 [INFO] PluginManager:220 - loadIPPluginJar : add linkedlist
2024-08-28 19:20:02,980 [INFO] IPUIPlugin:80 - create IPUIPlugin
2024-08-28 19:20:02,980 [INFO] PluginManager:220 - loadIPPluginJar : add ucpd
2024-08-28 19:20:02,984 [INFO] IPUIPlugin:80 - create IPUIPlugin
2024-08-28 19:20:02,984 [INFO] PluginManager:220 - loadIPPluginJar : add pdm2pcm
2024-08-28 19:20:02,988 [INFO] IPUIPlugin:80 - create IPUIPlugin
2024-08-28 19:20:02,988 [INFO] PluginManager:220 - loadIPPluginJar : add i3c
2024-08-28 19:20:02,991 [INFO] IPUIPlugin:80 - create IPUIPlugin
2024-08-28 19:20:02,992 [INFO] PluginManager:220 - loadIPPluginJar : add dma3
2024-08-28 19:20:02,995 [INFO] IPUIPlugin:80 - create IPUIPlugin
2024-08-28 19:20:02,995 [INFO] PluginManager:220 - loadIPPluginJar : add dfsdm
2024-08-28 19:20:02,998 [INFO] IPUIPlugin:80 - create IPUIPlugin
2024-08-28 19:20:02,999 [INFO] PluginManager:220 - loadIPPluginJar : add hash
2024-08-28 19:20:03,001 [INFO] IPUIPlugin:80 - create IPUIPlugin
2024-08-28 19:20:03,002 [INFO] PluginManager:220 - loadIPPluginJar : add radio
2024-08-28 19:20:03,006 [INFO] IPUIPlugin:80 - create IPUIPlugin
2024-08-28 19:20:03,007 [INFO] PluginManager:220 - loadIPPluginJar : add touchsensing
2024-08-28 19:20:03,131 [INFO] CADModel:165 - CPN selected for project level
2024-08-28 19:20:03,131 [INFO] CADModel:114 - Register for checkConnection events
2024-08-28 19:20:03,132 [FATAL] Updater:334 - Updater called before beeing initialized
2024-08-28 19:20:03,132 [ERROR] CADModel:125 - Updater not yet initialized, retry later 
2024-08-28 19:20:03,326 [INFO] CADModel:165 - CPN selected for project level
2024-08-28 19:20:03,326 [INFO] CADModel:114 - Register for checkConnection events
2024-08-28 19:20:03,327 [FATAL] Updater:334 - Updater called before beeing initialized
2024-08-28 19:20:03,327 [ERROR] CADModel:125 - Updater not yet initialized, retry later 
2024-08-28 19:20:03,333 [FATAL] Updater:334 - Updater called before beeing initialized
2024-08-28 19:20:03,483 [FATAL] Updater:334 - Updater called before beeing initialized
2024-08-28 19:20:03,490 [INFO] DbMcusAds:53 - JSON generation date=Thu May 16 06:22:00 ART 2024 (1715851320667)
2024-08-28 19:20:03,491 [FATAL] Updater:334 - Updater called before beeing initialized
2024-08-28 19:20:03,539 [WARN] DetailPanel:346 - Failed to get advertising image, set to default
2024-08-28 19:20:03,660 [FATAL] Updater:334 - Updater called before beeing initialized
2024-08-28 19:20:03,662 [FATAL] Updater:334 - Updater called before beeing initialized
2024-08-28 19:20:03,663 [FATAL] Updater:334 - Updater called before beeing initialized
2024-08-28 19:20:03,663 [WARN] DetailPanel:346 - Failed to get advertising image, set to default
2024-08-28 19:20:03,664 [FATAL] Updater:334 - Updater called before beeing initialized
2024-08-28 19:20:03,723 [ERROR] Updater:1164 - MainUpdater not yet initialized. External WinMGr cannot be set.
2024-08-28 19:20:03,727 [INFO] Updater:1100 - Updater Version found : 6.12.0
2024-08-28 19:20:03,764 [INFO] ApplicationProperties:184 - Using Application install path: /home/talbanesi/st/stm32cubeide_1.16.0/plugins/com.st.stm32cube.common.mx_6.12.0.202406281431
2024-08-28 19:20:04,901 [INFO] MainUpdater:2873 - connection check result : 10
2024-08-28 19:20:04,904 [INFO] MainUpdater:290 - Updater Check For Update Now.
2024-08-28 19:20:04,905 [INFO] MicroXplorer:498 - Change Database Version : DB.6.0.120
2024-08-28 19:20:04,922 [INFO] McuFinderGlobals:63 - Set McuFinder mode to 2 (CubeIDE integrated)
2024-08-28 19:20:04,923 [INFO] UserAuth:179 - activating auth plugin
2024-08-28 19:20:04,935 [INFO] UserAuth:417 - Internet connection configuration mode: 1
2024-08-28 19:20:04,951 [WARN] MainUpdater:1194 - Updater busy. Cannot search thirdparties
2024-08-28 19:20:04,952 [INFO] ThirdPartyUpdaterWithRetryManager:96 - Updater plugin is busy. [1/15]
2024-08-28 19:20:04,972 [INFO] JxBrowserEngine:152 - Initiate JxBrowser Engine with user profile folder
2024-08-28 19:20:05,200 [INFO] CheckServerUpdateThread:120 - End of CheckServer Thread
2024-08-28 19:20:06,335 [INFO] WebApp:167 - Instantiating new browser for Auth
2024-08-28 19:20:07,462 [INFO] WebApp:448 - Apply proxy settings
2024-08-28 19:20:07,463 [INFO] WebApp:533 - Chromium requires no authentication
2024-08-28 19:20:07,474 [INFO] WebApp:476 - Direct internet connection detected
2024-08-28 19:20:07,506 [INFO] WebApp:869 - Register for checkConnection events
2024-08-28 19:20:07,507 [INFO] WebApp:448 - Apply proxy settings
2024-08-28 19:20:07,507 [INFO] WebApp:533 - Chromium requires no authentication
2024-08-28 19:20:07,508 [INFO] WebApp:476 - Direct internet connection detected
2024-08-28 19:20:07,722 [INFO] WebApp:220 - Starting web application
2024-08-28 19:20:07,723 [INFO] WebApp:578 - Web application path used /home/talbanesi/st/stm32cubeide_1.16.0/plugins/com.st.stm32cube.common.mx_6.12.0.202406281431/db/plugins/mcufinder/reactClient1/index.html
2024-08-28 19:20:08,185 [WARN] PackLoader:240 - Cannot read IP mode file for STMicroelectronics.FP-SNS-MOTENVWB1.1.4.0
2024-08-28 19:20:08,207 [WARN] PackLoader:240 - Cannot read IP mode file for STMicroelectronics.X-CUBE-SMBUS.2.1.0
2024-08-28 19:20:08,274 [WARN] PackLoader:240 - Cannot read IP mode file for STMicroelectronics.X-CUBE-AZRTOS-F7.1.1.0
2024-08-28 19:20:08,424 [WARN] PackLoader:240 - Cannot read IP mode file for STMicroelectronics.X-CUBE-MEMS1.11.0.0
2024-08-28 19:20:08,814 [INFO] WebApp:186 - Connection restablished
2024-08-28 19:20:08,839 [WARN] PackLoader:240 - Cannot read IP mode file for STMicroelectronics.FP-SNS-FLIGHT1.5.0.2
2024-08-28 19:20:08,855 [WARN] PackLoader:240 - Cannot read IP mode file for STMicroelectronics.X-CUBE-DISPLAY.3.0.0
2024-08-28 19:20:08,873 [WARN] PackLoader:240 - Cannot read IP mode file for STMicroelectronics.X-CUBE-BLE1.7.0.0
2024-08-28 19:20:08,881 [WARN] PackLoader:240 - Cannot read IP mode file for emotas.I-CUBE-CANOPEN.1.3.0
2024-08-28 19:20:08,894 [WARN] PackLoader:240 - Cannot read IP mode file for STMicroelectronics.X-CUBE-BLEMGR.3.1.0
2024-08-28 19:20:08,906 [WARN] PackLoader:240 - Cannot read IP mode file for STMicroelectronics.FP-SNS-SMARTAG2.1.2.0
2024-08-28 19:20:08,921 [INFO] LogOutputStream:77 - [STDOUT_REDIRECT] 1 : Invalid condition id : UX_CORESTACK_Condition cause : null
2024-08-28 19:20:08,923 [INFO] LogOutputStream:77 - [STDOUT_REDIRECT] 1 : Invalid condition id : UX_CORESTACK_Condition cause : null
2024-08-28 19:20:08,923 [INFO] LogOutputStream:77 - [STDOUT_REDIRECT] 1 : Invalid condition id : UX_CORESTACK_Condition cause : null
2024-08-28 19:20:08,924 [INFO] LogOutputStream:77 - [STDOUT_REDIRECT] 1 : Invalid condition id : UX_CORESTACK_Condition cause : null
2024-08-28 19:20:08,925 [INFO] LogOutputStream:77 - [STDOUT_REDIRECT] 1 : Invalid condition id : UX_CORESTACK_Condition cause : null
2024-08-28 19:20:08,931 [WARN] PackLoader:240 - Cannot read IP mode file for STMicroelectronics.X-CUBE-AZRTOS-WL.2.0.0
2024-08-28 19:20:08,945 [WARN] PackLoader:240 - Cannot read IP mode file for STMicroelectronics.FP-SNS-MOTENV1.5.0.0
2024-08-28 19:20:08,953 [WARN] PackLoader:240 - Cannot read IP mode file for wolfSSL.I-CUBE-wolfMQTT.1.19.0
2024-08-28 19:20:08,969 [WARN] PackLoader:240 - Cannot read IP mode file for WES.I-CUBE-Cesium.1.3.0
2024-08-28 19:20:08,979 [WARN] PackLoader:240 - Cannot read IP mode file for STMicroelectronics.X-CUBE-BLE2.3.3.0
2024-08-28 19:20:08,991 [WARN] PackLoader:240 - Cannot read IP mode file for STMicroelectronics.X-CUBE-TCPP.4.1.0
2024-08-28 19:20:09,027 [WARN] PackLoader:240 - Cannot read IP mode file for STMicroelectronics.X-CUBE-AZRTOS-G0.1.1.0
2024-08-28 19:20:09,044 [WARN] PackLoader:240 - Cannot read IP mode file for STMicroelectronics.X-CUBE-SAFEA1.1.2.2
2024-08-28 19:20:09,055 [WARN] PackLoader:240 - Cannot read IP mode file for STMicroelectronics.X-CUBE-NFC4.3.0.0
2024-08-28 19:20:09,080 [WARN] PackLoader:240 - Cannot read IP mode file for EmbeddedOffice.I-CUBE-FS-RTOS.1.0.1
2024-08-28 19:20:09,081 [ERROR] ConditionMgr:805 - Attr not supported : Dmpu
2024-08-28 19:20:09,082 [ERROR] ConditionMgr:805 - Attr not supported : Dmpu
2024-08-28 19:20:09,083 [ERROR] ConditionMgr:805 - Attr not supported : Dmpu
2024-08-28 19:20:09,083 [ERROR] ConditionMgr:805 - Attr not supported : Dmpu
2024-08-28 19:20:09,083 [ERROR] ConditionMgr:805 - Attr not supported : Dmpu
2024-08-28 19:20:09,083 [ERROR] ConditionMgr:805 - Attr not supported : Dmpu
2024-08-28 19:20:09,084 [ERROR] ConditionMgr:805 - Attr not supported : Dmpu
2024-08-28 19:20:09,084 [ERROR] ConditionMgr:805 - Attr not supported : Dmpu
2024-08-28 19:20:09,084 [ERROR] ConditionMgr:805 - Attr not supported : Dmpu
2024-08-28 19:20:09,084 [ERROR] ConditionMgr:805 - Attr not supported : Dmpu
2024-08-28 19:20:09,084 [ERROR] ConditionMgr:805 - Attr not supported : Dmpu
2024-08-28 19:20:09,084 [ERROR] ConditionMgr:805 - Attr not supported : Dmpu
2024-08-28 19:20:09,085 [ERROR] ConditionMgr:805 - Attr not supported : Dmpu
2024-08-28 19:20:09,085 [ERROR] ConditionMgr:805 - Attr not supported : Dmpu
2024-08-28 19:20:09,085 [ERROR] ConditionMgr:805 - Attr not supported : Dmpu
2024-08-28 19:20:09,085 [ERROR] ConditionMgr:805 - Attr not supported : Dmpu
2024-08-28 19:20:09,085 [ERROR] ConditionMgr:805 - Attr not supported : Dmpu
2024-08-28 19:20:09,085 [ERROR] ConditionMgr:805 - Attr not supported : Dmpu
2024-08-28 19:20:09,086 [ERROR] ConditionMgr:805 - Attr not supported : Dmpu
2024-08-28 19:20:09,086 [ERROR] ConditionMgr:805 - Attr not supported : Dmpu
2024-08-28 19:20:09,086 [ERROR] ConditionMgr:805 - Attr not supported : Dmpu
2024-08-28 19:20:09,086 [ERROR] ConditionMgr:805 - Attr not supported : Dmpu
2024-08-28 19:20:09,087 [ERROR] ConditionMgr:805 - Attr not supported : Dmpu
2024-08-28 19:20:09,087 [ERROR] ConditionMgr:805 - Attr not supported : Dmpu
2024-08-28 19:20:09,087 [ERROR] ConditionMgr:805 - Attr not supported : Dmpu
2024-08-28 19:20:09,088 [ERROR] ConditionMgr:805 - Attr not supported : Dmpu
2024-08-28 19:20:09,088 [ERROR] ConditionMgr:805 - Attr not supported : Dmpu
2024-08-28 19:20:09,088 [ERROR] ConditionMgr:805 - Attr not supported : Dmpu
2024-08-28 19:20:09,088 [ERROR] ConditionMgr:805 - Attr not supported : Dmpu
2024-08-28 19:20:09,088 [ERROR] ConditionMgr:805 - Attr not supported : Dmpu
2024-08-28 19:20:09,089 [ERROR] ConditionMgr:805 - Attr not supported : Dmpu
2024-08-28 19:20:09,089 [ERROR] ConditionMgr:805 - Attr not supported : Dmpu
2024-08-28 19:20:09,089 [ERROR] ConditionMgr:805 - Attr not supported : Dmpu
2024-08-28 19:20:09,089 [ERROR] ConditionMgr:805 - Attr not supported : Dmpu
2024-08-28 19:20:09,089 [ERROR] ConditionMgr:805 - Attr not supported : Dmpu
2024-08-28 19:20:09,089 [ERROR] ConditionMgr:805 - Attr not supported : Dmpu
2024-08-28 19:20:09,090 [ERROR] ConditionMgr:805 - Attr not supported : Dmpu
2024-08-28 19:20:09,090 [ERROR] ConditionMgr:805 - Attr not supported : Dmpu
2024-08-28 19:20:09,090 [ERROR] ConditionMgr:805 - Attr not supported : Dmpu
2024-08-28 19:20:09,090 [ERROR] ConditionMgr:805 - Attr not supported : Dmpu
2024-08-28 19:20:09,091 [ERROR] ConditionMgr:805 - Attr not supported : Dmpu
2024-08-28 19:20:09,091 [ERROR] ConditionMgr:805 - Attr not supported : Dmpu
2024-08-28 19:20:09,091 [ERROR] ConditionMgr:805 - Attr not supported : Dmpu
2024-08-28 19:20:09,092 [ERROR] ConditionMgr:805 - Attr not supported : Dmpu
2024-08-28 19:20:09,092 [ERROR] ConditionMgr:805 - Attr not supported : Dmpu
2024-08-28 19:20:09,092 [ERROR] ConditionMgr:805 - Attr not supported : Dmpu
2024-08-28 19:20:09,092 [ERROR] ConditionMgr:805 - Attr not supported : Dmpu
2024-08-28 19:20:09,093 [ERROR] ConditionMgr:805 - Attr not supported : Dmpu
2024-08-28 19:20:09,093 [ERROR] ConditionMgr:805 - Attr not supported : Dmpu
2024-08-28 19:20:09,093 [ERROR] ConditionMgr:805 - Attr not supported : Dmpu
2024-08-28 19:20:09,093 [ERROR] ConditionMgr:805 - Attr not supported : Dmpu
2024-08-28 19:20:09,093 [ERROR] ConditionMgr:805 - Attr not supported : Dmpu
2024-08-28 19:20:09,093 [ERROR] ConditionMgr:805 - Attr not supported : Dmpu
2024-08-28 19:20:09,094 [ERROR] ConditionMgr:805 - Attr not supported : Dmpu
2024-08-28 19:20:09,094 [ERROR] ConditionMgr:805 - Attr not supported : Dmpu
2024-08-28 19:20:09,094 [ERROR] ConditionMgr:805 - Attr not supported : Dmpu
2024-08-28 19:20:09,094 [ERROR] ConditionMgr:805 - Attr not supported : Dmpu
2024-08-28 19:20:09,094 [ERROR] ConditionMgr:805 - Attr not supported : Dmpu
2024-08-28 19:20:09,094 [ERROR] ConditionMgr:805 - Attr not supported : Dmpu
2024-08-28 19:20:09,095 [ERROR] ConditionMgr:805 - Attr not supported : Dmpu
2024-08-28 19:20:09,095 [ERROR] ConditionMgr:805 - Attr not supported : Dmpu
2024-08-28 19:20:09,095 [ERROR] ConditionMgr:805 - Attr not supported : Dmpu
2024-08-28 19:20:09,095 [ERROR] ConditionMgr:805 - Attr not supported : Dmpu
2024-08-28 19:20:09,095 [ERROR] ConditionMgr:805 - Attr not supported : Dmpu
2024-08-28 19:20:09,105 [WARN] PackLoader:240 - Cannot read IP mode file for RealThread.X-CUBE-RT-Thread_Nano.4.1.1
2024-08-28 19:20:09,119 [WARN] PackLoader:240 - Cannot read IP mode file for STMicroelectronics.FP-ATR-SIGFOX1.3.2.0
2024-08-28 19:20:09,133 [WARN] PackLoader:240 - Cannot read IP mode file for wolfSSL.I-CUBE-wolfSSL.5.7.2
2024-08-28 19:20:09,152 [WARN] PackLoader:240 - Cannot read IP mode file for STMicroelectronics.X-CUBE-EEPRMA1.5.1.0
2024-08-28 19:20:09,176 [WARN] PackLoader:240 - Cannot read IP mode file for ITTIA_DB.I-CUBE-ITTIADB.8.9.0
2024-08-28 19:20:09,280 [WARN] PackLoader:240 - Cannot read IP mode file for SEGGER.I-CUBE-embOS.1.3.1
2024-08-28 19:20:09,501 [WARN] PackLoader:240 - Cannot read IP mode file for STMicroelectronics.X-CUBE-ALGOBUILD.1.4.0
2024-08-28 19:20:09,518 [WARN] PackLoader:240 - Cannot read IP mode file for STMicroelectronics.X-CUBE-GNSS1.6.0.0
2024-08-28 19:20:09,559 [WARN] PackLoader:240 - Cannot read IP mode file for STMicroelectronics.X-CUBE-AZRTOS-F4.1.1.0
2024-08-28 19:20:09,586 [WARN] PackLoader:240 - Cannot read IP mode file for STMicroelectronics.X-CUBE-FREERTOS.1.2.0
2024-08-28 19:20:09,631 [WARN] PackLoader:240 - Cannot read IP mode file for STMicroelectronics.X-CUBE-AZRTOS-L5.2.0.0
2024-08-28 19:20:09,670 [WARN] PackLoader:240 - Cannot read IP mode file for STMicroelectronics.X-CUBE-NFC6.3.1.0
2024-08-28 19:20:09,693 [WARN] PackLoader:240 - Cannot read IP mode file for STMicroelectronics.X-CUBE-AI.9.0.0
2024-08-28 19:20:09,709 [WARN] PackLoader:240 - Cannot read IP mode file for STMicroelectronics.X-CUBE-NFC7.1.0.1
2024-08-28 19:20:09,723 [WARN] PackLoader:240 - Cannot read IP mode file for wolfSSL.I-CUBE-wolfTPM.3.2.0
2024-08-28 19:20:09,801 [WARN] ConditionMgr:438 - getConditionDescription Invalid condition id : LAN8742 Phy interface Condition cause : null
2024-08-28 19:20:09,807 [WARN] PackLoader:240 - Cannot read IP mode file for STMicroelectronics.X-CUBE-AZRTOS-L4.2.0.0
2024-08-28 19:20:09,813 [WARN] ConditionMgr:1039 - genDependencies : Invalid condition id : LAN8742 Phy interface Condition cause : null
2024-08-28 19:20:09,814 [WARN] ConditionMgr:1039 - genDependencies : Invalid condition id : LAN8742 Phy interface Condition cause : null
2024-08-28 19:20:09,818 [WARN] ConditionMgr:1039 - genDependencies : Invalid condition id : LAN8742 Phy interface Condition cause : null
2024-08-28 19:20:09,840 [WARN] PackLoader:240 - Cannot read IP mode file for STMicroelectronics.X-CUBE-SFXS2LP1.4.0.0
2024-08-28 19:20:09,897 [WARN] PackLoader:240 - Cannot read IP mode file for STMicroelectronics.X-CUBE-AZRTOS-H7.3.3.0
2024-08-28 19:20:09,977 [WARN] ConditionMgr:438 - getConditionDescription Invalid condition id : UX DEVICE CLASS RTOS Condition cause : null
2024-08-28 19:20:09,978 [WARN] ConditionMgr:438 - getConditionDescription Invalid condition id : UX DEVICE CLASS RTOS Condition cause : null
2024-08-28 19:20:09,991 [WARN] PackLoader:240 - Cannot read IP mode file for STMicroelectronics.X-CUBE-AZRTOS-WB.2.0.0
2024-08-28 19:20:09,996 [WARN] ConditionMgr:1039 - genDependencies : Invalid condition id : UX DEVICE CLASS RTOS Condition cause : null
2024-08-28 19:20:09,997 [WARN] ConditionMgr:1039 - genDependencies : Invalid condition id : UX DEVICE CLASS RTOS Condition cause : null
2024-08-28 19:20:10,000 [WARN] ConditionMgr:1039 - genDependencies : Invalid condition id : UX DEVICE CLASS RTOS Condition cause : null
2024-08-28 19:20:10,002 [WARN] ConditionMgr:1039 - genDependencies : Invalid condition id : UX DEVICE CLASS RTOS Condition cause : null
2024-08-28 19:20:10,003 [WARN] ConditionMgr:1039 - genDependencies : Invalid condition id : UX DEVICE CLASS RTOS Condition cause : null
2024-08-28 19:20:10,024 [WARN] PackLoader:240 - Cannot read IP mode file for STMicroelectronics.FP-SNS-STBOX1.2.0.0
2024-08-28 19:20:10,073 [WARN] PackLoader:240 - Cannot read IP mode file for STMicroelectronics.X-CUBE-SUBG2.5.0.0
2024-08-28 19:20:10,103 [WARN] PackLoader:240 - Cannot read IP mode file for Cesanta.I-CUBE-Mongoose.7.13.0
2024-08-28 19:20:10,138 [WARN] PackLoader:240 - Cannot read IP mode file for STMicroelectronics.X-CUBE-AZRTOS-G4.2.0.0
2024-08-28 19:20:10,153 [WARN] PackLoader:240 - Cannot read IP mode file for STMicroelectronics.X-CUBE-ISPU.2.0.0
2024-08-28 19:20:10,168 [WARN] PackLoader:240 - Cannot read IP mode file for STMicroelectronics.X-CUBE-ALS.1.0.2
2024-08-28 19:20:10,301 [WARN] PackLoader:240 - Cannot read IP mode file for STMicroelectronics.X-CUBE-MEMS1.10.0.0
2024-08-28 19:20:10,718 [WARN] PackLoader:240 - Cannot read IP mode file for portGmbH.I-Cube-SoM-uGOAL.1.1.0
2024-08-28 19:20:10,788 [WARN] PackLoader:240 - Cannot read IP mode file for STMicroelectronics.X-CUBE-AZRTOS-H7RS.1.0.0
2024-08-28 19:20:10,802 [WARN] PackLoader:240 - Cannot read IP mode file for STMicroelectronics.FP-ATR-ASTRA1.2.0.0
2024-08-28 19:20:10,830 [WARN] PackLoader:240 - Cannot read IP mode file for STMicroelectronics.X-CUBE-TOF1.3.4.2
2024-08-28 19:20:10,883 [WARN] PackLoader:240 - Cannot read IP mode file for STMicroelectronics.X-CUBE-TOF1.3.4.1
2024-08-28 19:20:10,938 [WARN] PackLoader:240 - Cannot read IP mode file for STMicroelectronics.X-CUBE-AZRTOS-H7.3.2.0
2024-08-28 19:20:10,971 [WARN] PackLoader:240 - Cannot read IP mode file for Infineon.AIROC-Wi-Fi-Bluetooth-STM32.1.6.0
2024-08-28 19:20:10,985 [WARN] PackLoader:240 - Cannot read IP mode file for wolfSSL.I-CUBE-wolfSSH.1.4.17
2024-08-28 19:20:10,987 [INFO] ThirdParty:978 - Integrity check success = true
2024-08-28 19:20:10,987 [INFO] IntegrityCheckThread:100 - exiting critical section [integrity check]
2024-08-28 19:20:10,988 [INFO] IntegrityCheckThread:103 - End integrity checks thread
2024-08-28 20:19:46,556 [INFO] WebApp:189 - Connection lost
2024-08-28 20:21:16,844 [INFO] WebApp:186 - Connection restablished
2024-08-28 20:21:34,940 [INFO] WebApp:189 - Connection lost
2024-08-28 20:24:01,665 [INFO] WebApp:186 - Connection restablished
2024-08-28 20:24:06,663 [ERROR] LogOutputStream:75 - [STDERR_REDIRECT] 
