2024-09-04 19:51:53,569 [INFO] Activator:176 - 


2024-09-04 19:51:53,578 [INFO] Activator:177 - !SESSION log4j initialized
2024-09-04 19:51:58,187 [INFO] LogOutputStream:77 - [STDOUT_REDIRECT] 
2024-09-04 19:52:00,901 [INFO] ApplicationProperties:184 - Using Application install path: /home/talbanesi/st/stm32cubeide_1.16.0/plugins/com.st.stm32cube.common.mx_6.12.0.202406281431
2024-09-04 19:52:00,926 [INFO] DbMcusXml:78 - Set database path to: /home/talbanesi/st/stm32cubeide_1.16.0/plugins/com.st.stm32cube.common.mx_6.12.0.202406281431//db//mcu/
2024-09-04 19:52:00,927 [INFO] ApiDb:274 - Set plugin database path to: /home/talbanesi/st/stm32cubeide_1.16.0/plugins/com.st.stm32cube.common.mx_6.12.0.202406281431//db//plugins/boardmanager/
2024-09-04 19:52:00,927 [WARN] ApiDb:259 - Overriding images path with different value:  => /home/talbanesi/st/stm32cubeide_1.16.0/plugins/com.st.stm32cube.common.mx_6.12.0.202406281431//db//plugins/mcufinder/images/
2024-09-04 19:52:00,935 [INFO] ApiDb:250 - Set database path to: /home/talbanesi/.stmcufinder/plugins/mcufinder//mcu/
2024-09-04 19:52:00,938 [INFO] DbMcusAds:125 - Set database path to: /home/talbanesi/.stmcufinder/plugins/mcufinder//mcu/
2024-09-04 19:52:00,942 [INFO] CrossReferenceDbSqlite:203 - Set database path to: /home/talbanesi/.stmcufinder/plugins/mcufinder//mcu/cs/
2024-09-04 19:52:01,127 [INFO] RulesReader:64 - Compatibility file has been processed (297 Rules)
2024-09-04 19:52:01,218 [INFO] DbMcusXml:78 - Set database path to: /home/talbanesi/st/stm32cubeide_1.16.0/plugins/com.st.stm32cube.common.mx_6.12.0.202406281431//db//mcu/
2024-09-04 19:52:01,218 [INFO] ApiDb:274 - Set plugin database path to: /home/talbanesi/st/stm32cubeide_1.16.0/plugins/com.st.stm32cube.common.mx_6.12.0.202406281431//db//plugins/boardmanager/
2024-09-04 19:52:01,218 [INFO] ApiDb:261 - Set plugin images path to: /home/talbanesi/st/stm32cubeide_1.16.0/plugins/com.st.stm32cube.common.mx_6.12.0.202406281431//db//plugins/mcufinder/images/
2024-09-04 19:52:01,219 [WARN] DbFile:41 - Overriding database path with different value: /home/talbanesi/.stmcufinder/plugins/mcufinder/ => /home/talbanesi/.stmcufinder/plugins/mcufinder
2024-09-04 19:52:01,219 [INFO] ApiDb:250 - Set database path to: /home/talbanesi/.stmcufinder/plugins/mcufinder//mcu/
2024-09-04 19:52:01,219 [WARN] DbFile:41 - Overriding database path with different value: /home/talbanesi/.stmcufinder/plugins/mcufinder/ => /home/talbanesi/.stmcufinder/plugins/mcufinder
2024-09-04 19:52:01,219 [INFO] DbMcusAds:125 - Set database path to: /home/talbanesi/.stmcufinder/plugins/mcufinder//mcu/
2024-09-04 19:52:01,219 [WARN] DbFile:41 - Overriding database path with different value: /home/talbanesi/.stmcufinder/plugins/mcufinder/ => /home/talbanesi/.stmcufinder/plugins/mcufinder
2024-09-04 19:52:01,219 [WARN] DbFile:41 - Overriding database path with different value: /home/talbanesi/.stmcufinder/plugins/mcufinder/ => /home/talbanesi/.stmcufinder/plugins/mcufinder
2024-09-04 19:52:01,219 [INFO] CrossReferenceDbSqlite:203 - Set database path to: /home/talbanesi/.stmcufinder/plugins/mcufinder//mcu/cs/
2024-09-04 19:52:01,297 [INFO] MainPanel:268 - HeapMemory: 268435456
2024-09-04 19:52:01,552 [INFO] DbMcusXml:78 - Set database path to: /home/talbanesi/st/stm32cubeide_1.16.0/plugins/com.st.stm32cube.common.mx_6.12.0.202406281431//db//mcu/
2024-09-04 19:52:01,552 [INFO] ApiDb:274 - Set plugin database path to: /home/talbanesi/st/stm32cubeide_1.16.0/plugins/com.st.stm32cube.common.mx_6.12.0.202406281431//db//plugins/boardmanager/
2024-09-04 19:52:01,552 [INFO] ApiDb:261 - Set plugin images path to: /home/talbanesi/st/stm32cubeide_1.16.0/plugins/com.st.stm32cube.common.mx_6.12.0.202406281431//db//plugins/mcufinder/images/
2024-09-04 19:52:01,552 [WARN] DbFile:41 - Overriding database path with different value: /home/talbanesi/.stmcufinder/plugins/mcufinder/ => /home/talbanesi/.stmcufinder/plugins/mcufinder
2024-09-04 19:52:01,552 [INFO] ApiDb:250 - Set database path to: /home/talbanesi/.stmcufinder/plugins/mcufinder//mcu/
2024-09-04 19:52:01,552 [WARN] DbFile:41 - Overriding database path with different value: /home/talbanesi/.stmcufinder/plugins/mcufinder/ => /home/talbanesi/.stmcufinder/plugins/mcufinder
2024-09-04 19:52:01,553 [INFO] DbMcusAds:125 - Set database path to: /home/talbanesi/.stmcufinder/plugins/mcufinder//mcu/
2024-09-04 19:52:01,553 [WARN] DbFile:41 - Overriding database path with different value: /home/talbanesi/.stmcufinder/plugins/mcufinder/ => /home/talbanesi/.stmcufinder/plugins/mcufinder
2024-09-04 19:52:01,553 [WARN] DbFile:41 - Overriding database path with different value: /home/talbanesi/.stmcufinder/plugins/mcufinder/ => /home/talbanesi/.stmcufinder/plugins/mcufinder
2024-09-04 19:52:01,553 [INFO] CrossReferenceDbSqlite:203 - Set database path to: /home/talbanesi/.stmcufinder/plugins/mcufinder//mcu/cs/
2024-09-04 19:52:01,570 [INFO] ApplicationProperties:184 - Using Application install path: /home/talbanesi/st/stm32cubeide_1.16.0/plugins/com.st.stm32cube.common.mx_6.12.0.202406281431
2024-09-04 19:52:01,572 [INFO] PluginManage:196 - Search for loadable plugins [exclusion list=, ]
2024-09-04 19:52:01,573 [INFO] PluginManage:310 - Check plugin analytics
2024-09-04 19:52:01,762 [INFO] AnalyticsPlugin:253 - Accepted Software Licenses: 
2024-09-04 19:52:01,763 [INFO] AnalyticsPlugin:255 - Accepted CMSIS Pack Licenses: 
2024-09-04 19:52:01,763 [INFO] AnalyticsPlugin:257 - Accepted Firmware Licenses: FW.F4.1.28.0
2024-09-04 19:52:01,769 [INFO] PluginManage:359 - Loaded plugin analytics (category:tool,tabindex:-1)
2024-09-04 19:52:01,769 [INFO] PluginManage:310 - Check plugin cadmodel
2024-09-04 19:52:01,775 [INFO] CADModel:105 - Init CAD model plugin
2024-09-04 19:52:01,776 [INFO] PluginManage:359 - Loaded plugin cadmodel (category:power,tabindex:5)
2024-09-04 19:52:01,776 [INFO] PluginManage:310 - Check plugin clock
2024-09-04 19:52:01,787 [INFO] PluginManage:359 - Loaded plugin clock (category:base,tabindex:2)
2024-09-04 19:52:01,788 [INFO] PluginManage:310 - Check plugin ddr
2024-09-04 19:52:01,791 [INFO] PluginManage:359 - Loaded plugin ddr (category:tool,tabindex:6)
2024-09-04 19:52:01,791 [INFO] PluginManage:310 - Check plugin filemanager
2024-09-04 19:52:01,992 [INFO] PluginManage:359 - Loaded plugin filemanager (category:base,tabindex:10)
2024-09-04 19:52:01,992 [INFO] PluginManage:310 - Check plugin ipmanager
2024-09-04 19:52:01,999 [INFO] PluginManage:359 - Loaded plugin ipmanager (category:base,tabindex:5)
2024-09-04 19:52:02,000 [INFO] PluginManage:310 - Check plugin lpbam
2024-09-04 19:52:02,010 [INFO] PluginManage:359 - Loaded plugin lpbam (category:base,tabindex:0)
2024-09-04 19:52:02,010 [INFO] PluginManage:310 - Check plugin memorymap
2024-09-04 19:52:02,023 [INFO] PluginManage:359 - Loaded plugin memorymap (category:base,tabindex:4)
2024-09-04 19:52:02,024 [INFO] PluginManage:310 - Check plugin pinoutandconfiguration
2024-09-04 19:52:02,034 [INFO] PluginManage:359 - Loaded plugin pinoutandconfiguration (category:base,tabindex:1)
2024-09-04 19:52:02,034 [INFO] PluginManage:310 - Check plugin pinoutconfig
2024-09-04 19:52:02,146 [WARN] SupportedApi:132 - Cannot load RTOS API schema: s4s-elt-must-match.1: The content of 'definitions' must match (annotation?, (simpleType | complexType)?, (unique | key | keyref)*)). A problem was found starting at: attribute.
2024-09-04 19:52:02,323 [INFO] PluginManage:359 - Loaded plugin pinoutconfig (category:base,tabindex:0)
2024-09-04 19:52:02,323 [INFO] PluginManage:310 - Check plugin power
2024-09-04 19:52:02,333 [INFO] PluginManage:359 - Loaded plugin power (category:power,tabindex:4)
2024-09-04 19:52:02,333 [INFO] PluginManage:310 - Check plugin projectmanager
2024-09-04 19:52:02,356 [INFO] PluginManage:359 - Loaded plugin projectmanager (category:projectmanager,tabindex:4)
2024-09-04 19:52:02,356 [INFO] PluginManage:310 - Check plugin rif
2024-09-04 19:52:02,362 [INFO] PluginManage:359 - Loaded plugin rif (category:base,tabindex:3)
2024-09-04 19:52:02,363 [INFO] PluginManage:310 - Check plugin thirdparty
2024-09-04 19:52:02,524 [INFO] PluginManage:359 - Loaded plugin thirdparty (category:base,tabindex:-1)
2024-09-04 19:52:02,524 [WARN] IntegrityCheckThread:84 - waiting for thirdparty lock release [integrity check]
2024-09-04 19:52:02,525 [INFO] IntegrityCheckThread:86 - entering critical section [integrity check]
2024-09-04 19:52:02,525 [INFO] PluginManage:310 - Check plugin tools
2024-09-04 19:52:02,526 [INFO] ThirdPartyUpdaterWithRetryManager:70 - Updater plugin not ready yet. [1/15]
2024-09-04 19:52:02,528 [INFO] PluginManage:359 - Loaded plugin tools (category:base,tabindex:7)
2024-09-04 19:52:02,528 [INFO] PluginManage:310 - Check plugin tutovideos
2024-09-04 19:52:02,679 [INFO] PluginManage:359 - Loaded plugin tutovideos (category:base,tabindex:-1)
2024-09-04 19:52:02,679 [INFO] PluginManage:310 - Check plugin updater
2024-09-04 19:52:02,699 [INFO] PluginManage:359 - Loaded plugin updater (category:base,tabindex:12)
2024-09-04 19:52:02,700 [INFO] PluginManage:310 - Check plugin userauth
2024-09-04 19:52:02,705 [INFO] UserAuth:113 - Init User Auth plugin
2024-09-04 19:52:02,705 [INFO] PluginManage:359 - Loaded plugin userauth (category:base,tabindex:14)
2024-09-04 19:52:02,705 [INFO] PluginManage:283 - PluginManage : Loaded plugins [18]
2024-09-04 19:52:02,880 [INFO] PinOutPanel:1561 - setPackage(No Configuration,No Configuration)
2024-09-04 19:52:02,964 [INFO] CADModel:165 - CPN selected for project level
2024-09-04 19:52:02,964 [INFO] CADModel:114 - Register for checkConnection events
2024-09-04 19:52:02,976 [INFO] IPUIPlugin:80 - create IPUIPlugin
2024-09-04 19:52:02,977 [INFO] PluginManager:220 - loadIPPluginJar : add freertos
2024-09-04 19:52:02,978 [INFO] IPUIPlugin:80 - create IPUIPlugin
2024-09-04 19:52:02,979 [INFO] PluginManager:220 - loadIPPluginJar : add comp
2024-09-04 19:52:02,983 [INFO] IPUIPlugin:80 - create IPUIPlugin
2024-09-04 19:52:02,983 [INFO] PluginManager:220 - loadIPPluginJar : add gfxmmu
2024-09-04 19:52:02,987 [INFO] IPUIPlugin:80 - create IPUIPlugin
2024-09-04 19:52:02,988 [INFO] PluginManager:220 - loadIPPluginJar : add gic
2024-09-04 19:52:02,990 [INFO] IPUIPlugin:80 - create IPUIPlugin
2024-09-04 19:52:02,991 [INFO] PluginManager:220 - loadIPPluginJar : add aes
2024-09-04 19:52:02,993 [INFO] IPUIPlugin:80 - create IPUIPlugin
2024-09-04 19:52:02,993 [INFO] PluginManager:220 - loadIPPluginJar : add spi
2024-09-04 19:52:02,996 [INFO] IPUIPlugin:80 - create IPUIPlugin
2024-09-04 19:52:02,997 [INFO] PluginManager:220 - loadIPPluginJar : add i2s
2024-09-04 19:52:02,998 [INFO] IPUIPlugin:80 - create IPUIPlugin
2024-09-04 19:52:02,999 [INFO] PluginManager:220 - loadIPPluginJar : add tracer_emb
2024-09-04 19:52:03,001 [INFO] IPUIPlugin:80 - create IPUIPlugin
2024-09-04 19:52:03,002 [INFO] PluginManager:220 - loadIPPluginJar : add usbx
2024-09-04 19:52:03,008 [INFO] IPUIPlugin:80 - create IPUIPlugin
2024-09-04 19:52:03,011 [INFO] PluginManager:220 - loadIPPluginJar : add plateformsettings
2024-09-04 19:52:03,018 [INFO] IPUIPlugin:80 - create IPUIPlugin
2024-09-04 19:52:03,019 [INFO] PluginManager:220 - loadIPPluginJar : add stm32_wpan
2024-09-04 19:52:03,022 [INFO] IPUIPlugin:80 - create IPUIPlugin
2024-09-04 19:52:03,022 [INFO] PluginManager:220 - loadIPPluginJar : add i2c
2024-09-04 19:52:03,025 [INFO] IPUIPlugin:80 - create IPUIPlugin
2024-09-04 19:52:03,025 [INFO] PluginManager:220 - loadIPPluginJar : add can
2024-09-04 19:52:03,027 [INFO] IPUIPlugin:80 - create IPUIPlugin
2024-09-04 19:52:03,028 [INFO] PluginManager:220 - loadIPPluginJar : add tsc
2024-09-04 19:52:03,031 [INFO] IPUIPlugin:80 - create IPUIPlugin
2024-09-04 19:52:03,031 [INFO] PluginManager:220 - loadIPPluginJar : add ipddr
2024-09-04 19:52:03,035 [INFO] IPUIPlugin:80 - create IPUIPlugin
2024-09-04 19:52:03,035 [INFO] PluginManager:220 - loadIPPluginJar : add nvic
2024-09-04 19:52:03,039 [INFO] IPUIPlugin:80 - create IPUIPlugin
2024-09-04 19:52:03,039 [INFO] PluginManager:220 - loadIPPluginJar : add opamp
2024-09-04 19:52:03,042 [INFO] IPUIPlugin:80 - create IPUIPlugin
2024-09-04 19:52:03,042 [INFO] PluginManager:220 - loadIPPluginJar : add ddr_ctrl_phy
2024-09-04 19:52:03,047 [INFO] IPUIPlugin:80 - create IPUIPlugin
2024-09-04 19:52:03,047 [INFO] PluginManager:220 - loadIPPluginJar : add gpio
2024-09-04 19:52:03,050 [INFO] IPUIPlugin:80 - create IPUIPlugin
2024-09-04 19:52:03,050 [INFO] PluginManager:220 - loadIPPluginJar : add gtzc
2024-09-04 19:52:03,053 [INFO] IPUIPlugin:80 - create IPUIPlugin
2024-09-04 19:52:03,053 [INFO] PluginManager:220 - loadIPPluginJar : add usart
2024-09-04 19:52:03,059 [INFO] IPUIPlugin:80 - create IPUIPlugin
2024-09-04 19:52:03,060 [INFO] PluginManager:220 - loadIPPluginJar : add mdma
2024-09-04 19:52:03,062 [INFO] IPUIPlugin:80 - create IPUIPlugin
2024-09-04 19:52:03,063 [INFO] PluginManager:220 - loadIPPluginJar : add extmemmanager
2024-09-04 19:52:03,066 [INFO] IPUIPlugin:80 - create IPUIPlugin
2024-09-04 19:52:03,066 [INFO] PluginManager:220 - loadIPPluginJar : add sai
2024-09-04 19:52:03,068 [INFO] IPUIPlugin:80 - create IPUIPlugin
2024-09-04 19:52:03,068 [INFO] PluginManager:220 - loadIPPluginJar : add ts
2024-09-04 19:52:03,070 [INFO] IPUIPlugin:80 - create IPUIPlugin
2024-09-04 19:52:03,070 [INFO] PluginManager:220 - loadIPPluginJar : add genericplugin
2024-09-04 19:52:03,072 [INFO] IPUIPlugin:80 - create IPUIPlugin
2024-09-04 19:52:03,072 [INFO] PluginManager:220 - loadIPPluginJar : add tim
2024-09-04 19:52:03,073 [INFO] IPUIPlugin:80 - create IPUIPlugin
2024-09-04 19:52:03,074 [INFO] PluginManager:220 - loadIPPluginJar : add fatfs
2024-09-04 19:52:03,075 [INFO] IPUIPlugin:80 - create IPUIPlugin
2024-09-04 19:52:03,076 [INFO] PluginManager:220 - loadIPPluginJar : add quadspi
2024-09-04 19:52:03,080 [INFO] IPUIPlugin:80 - create IPUIPlugin
2024-09-04 19:52:03,081 [INFO] PluginManager:220 - loadIPPluginJar : add resmgrutility
2024-09-04 19:52:03,082 [INFO] IPUIPlugin:80 - create IPUIPlugin
2024-09-04 19:52:03,082 [INFO] PluginManager:220 - loadIPPluginJar : add ltdc
2024-09-04 19:52:03,087 [INFO] IPUIPlugin:80 - create IPUIPlugin
2024-09-04 19:52:03,087 [INFO] PluginManager:220 - loadIPPluginJar : add fmc
2024-09-04 19:52:03,090 [INFO] IPUIPlugin:80 - create IPUIPlugin
2024-09-04 19:52:03,091 [INFO] PluginManager:220 - loadIPPluginJar : add openamp
2024-09-04 19:52:03,096 [INFO] IPUIPlugin:80 - create IPUIPlugin
2024-09-04 19:52:03,097 [INFO] PluginManager:220 - loadIPPluginJar : add dma
2024-09-04 19:52:03,099 [INFO] IPUIPlugin:80 - create IPUIPlugin
2024-09-04 19:52:03,100 [INFO] PluginManager:220 - loadIPPluginJar : add lorawan
2024-09-04 19:52:03,102 [INFO] IPUIPlugin:80 - create IPUIPlugin
2024-09-04 19:52:03,102 [INFO] PluginManager:220 - loadIPPluginJar : add cryp
2024-09-04 19:52:03,108 [INFO] IPUIPlugin:80 - create IPUIPlugin
2024-09-04 19:52:03,109 [INFO] PluginManager:220 - loadIPPluginJar : add adc
2024-09-04 19:52:03,115 [INFO] IPUIPlugin:80 - create IPUIPlugin
2024-09-04 19:52:03,115 [INFO] PluginManager:220 - loadIPPluginJar : add linkedlist
2024-09-04 19:52:03,117 [INFO] IPUIPlugin:80 - create IPUIPlugin
2024-09-04 19:52:03,117 [INFO] PluginManager:220 - loadIPPluginJar : add ucpd
2024-09-04 19:52:03,120 [INFO] IPUIPlugin:80 - create IPUIPlugin
2024-09-04 19:52:03,120 [INFO] PluginManager:220 - loadIPPluginJar : add pdm2pcm
2024-09-04 19:52:03,123 [INFO] IPUIPlugin:80 - create IPUIPlugin
2024-09-04 19:52:03,124 [INFO] PluginManager:220 - loadIPPluginJar : add i3c
2024-09-04 19:52:03,126 [INFO] IPUIPlugin:80 - create IPUIPlugin
2024-09-04 19:52:03,126 [INFO] PluginManager:220 - loadIPPluginJar : add dma3
2024-09-04 19:52:03,128 [INFO] IPUIPlugin:80 - create IPUIPlugin
2024-09-04 19:52:03,128 [INFO] PluginManager:220 - loadIPPluginJar : add dfsdm
2024-09-04 19:52:03,129 [INFO] IPUIPlugin:80 - create IPUIPlugin
2024-09-04 19:52:03,130 [INFO] PluginManager:220 - loadIPPluginJar : add hash
2024-09-04 19:52:03,131 [INFO] IPUIPlugin:80 - create IPUIPlugin
2024-09-04 19:52:03,132 [INFO] PluginManager:220 - loadIPPluginJar : add radio
2024-09-04 19:52:03,134 [INFO] IPUIPlugin:80 - create IPUIPlugin
2024-09-04 19:52:03,134 [INFO] PluginManager:220 - loadIPPluginJar : add touchsensing
2024-09-04 19:52:03,237 [INFO] CADModel:165 - CPN selected for project level
2024-09-04 19:52:03,237 [INFO] CADModel:114 - Register for checkConnection events
2024-09-04 19:52:03,237 [FATAL] Updater:334 - Updater called before beeing initialized
2024-09-04 19:52:03,237 [ERROR] CADModel:125 - Updater not yet initialized, retry later 
2024-09-04 19:52:03,370 [INFO] CADModel:165 - CPN selected for project level
2024-09-04 19:52:03,371 [INFO] CADModel:114 - Register for checkConnection events
2024-09-04 19:52:03,371 [FATAL] Updater:334 - Updater called before beeing initialized
2024-09-04 19:52:03,371 [ERROR] CADModel:125 - Updater not yet initialized, retry later 
2024-09-04 19:52:03,375 [FATAL] Updater:334 - Updater called before beeing initialized
2024-09-04 19:52:03,474 [FATAL] Updater:334 - Updater called before beeing initialized
2024-09-04 19:52:03,480 [INFO] DbMcusAds:53 - JSON generation date=Thu May 16 06:22:00 ART 2024 (1715851320667)
2024-09-04 19:52:03,480 [FATAL] Updater:334 - Updater called before beeing initialized
2024-09-04 19:52:03,522 [WARN] DetailPanel:346 - Failed to get advertising image, set to default
2024-09-04 19:52:03,611 [FATAL] Updater:334 - Updater called before beeing initialized
2024-09-04 19:52:03,613 [FATAL] Updater:334 - Updater called before beeing initialized
2024-09-04 19:52:03,613 [FATAL] Updater:334 - Updater called before beeing initialized
2024-09-04 19:52:03,613 [WARN] DetailPanel:346 - Failed to get advertising image, set to default
2024-09-04 19:52:03,614 [FATAL] Updater:334 - Updater called before beeing initialized
2024-09-04 19:52:03,651 [ERROR] Updater:1164 - MainUpdater not yet initialized. External WinMGr cannot be set.
2024-09-04 19:52:03,653 [INFO] Updater:1100 - Updater Version found : 6.12.0
2024-09-04 19:52:03,668 [INFO] ApplicationProperties:184 - Using Application install path: /home/talbanesi/st/stm32cubeide_1.16.0/plugins/com.st.stm32cube.common.mx_6.12.0.202406281431
2024-09-04 19:52:04,031 [INFO] MainUpdater:2873 - connection check result : 10
2024-09-04 19:52:04,031 [INFO] MainUpdater:3567 - Updater definition file requires update
2024-09-04 19:52:04,032 [INFO] MainUpdater:290 - Updater Check For Update Now.
2024-09-04 19:52:04,032 [INFO] MicroXplorer:498 - Change Database Version : DB.6.0.120
2024-09-04 19:52:04,039 [INFO] McuFinderGlobals:63 - Set McuFinder mode to 2 (CubeIDE integrated)
2024-09-04 19:52:04,040 [INFO] UserAuth:179 - activating auth plugin
2024-09-04 19:52:04,044 [INFO] UserAuth:417 - Internet connection configuration mode: 1
2024-09-04 19:52:04,059 [INFO] JxBrowserEngine:152 - Initiate JxBrowser Engine with user profile folder
2024-09-04 19:52:04,371 [INFO] ServerAccessManage:473 - Download File updaters.zip
2024-09-04 19:52:04,951 [INFO] WebApp:167 - Instantiating new browser for Auth
2024-09-04 19:52:05,054 [INFO] FileExtend:240 - Unzip File : updaters.zip
2024-09-04 19:52:05,055 [INFO] FileExtend:255 - Standard Zip Deflate
2024-09-04 19:52:05,329 [INFO] ServerAccessManage:473 - Download File PacksControlFlags.xml
2024-09-04 19:52:05,508 [INFO] ServerAccessManage:473 - Download File cubemx.pidx
2024-09-04 19:52:05,529 [WARN] MainUpdater:1194 - Updater busy. Cannot search thirdparties
2024-09-04 19:52:05,530 [INFO] ThirdPartyUpdaterWithRetryManager:96 - Updater plugin is busy. [1/15]
2024-09-04 19:52:05,660 [INFO] LoadServerUpdatesThread:375 - End of LoadServerUpdate Thread
2024-09-04 19:52:05,855 [INFO] CheckServerUpdateThread:120 - End of CheckServer Thread
2024-09-04 19:52:06,271 [INFO] WebApp:448 - Apply proxy settings
2024-09-04 19:52:06,271 [INFO] WebApp:533 - Chromium requires no authentication
2024-09-04 19:52:06,280 [INFO] WebApp:476 - Direct internet connection detected
2024-09-04 19:52:06,312 [INFO] WebApp:869 - Register for checkConnection events
2024-09-04 19:52:06,312 [INFO] WebApp:448 - Apply proxy settings
2024-09-04 19:52:06,312 [INFO] WebApp:533 - Chromium requires no authentication
2024-09-04 19:52:06,314 [INFO] WebApp:476 - Direct internet connection detected
2024-09-04 19:52:06,586 [INFO] WebApp:220 - Starting web application
2024-09-04 19:52:06,587 [INFO] WebApp:578 - Web application path used /home/talbanesi/st/stm32cubeide_1.16.0/plugins/com.st.stm32cube.common.mx_6.12.0.202406281431/db/plugins/mcufinder/reactClient1/index.html
2024-09-04 19:52:06,825 [INFO] WebApp:186 - Connection restablished
2024-09-04 19:52:08,674 [WARN] PackLoader:240 - Cannot read IP mode file for STMicroelectronics.FP-SNS-MOTENVWB1.1.4.0
2024-09-04 19:52:08,687 [WARN] PackLoader:240 - Cannot read IP mode file for STMicroelectronics.X-CUBE-SMBUS.2.1.0
2024-09-04 19:52:08,731 [WARN] PackLoader:240 - Cannot read IP mode file for STMicroelectronics.X-CUBE-AZRTOS-F7.1.1.0
2024-09-04 19:52:08,864 [WARN] PackLoader:240 - Cannot read IP mode file for STMicroelectronics.X-CUBE-MEMS1.11.0.0
2024-09-04 19:52:09,223 [WARN] PackLoader:240 - Cannot read IP mode file for STMicroelectronics.FP-SNS-FLIGHT1.5.0.2
2024-09-04 19:52:09,235 [WARN] PackLoader:240 - Cannot read IP mode file for STMicroelectronics.X-CUBE-DISPLAY.3.0.0
2024-09-04 19:52:09,251 [WARN] PackLoader:240 - Cannot read IP mode file for STMicroelectronics.X-CUBE-BLE1.7.0.0
2024-09-04 19:52:09,260 [WARN] PackLoader:240 - Cannot read IP mode file for emotas.I-CUBE-CANOPEN.1.3.0
2024-09-04 19:52:09,277 [WARN] PackLoader:240 - Cannot read IP mode file for STMicroelectronics.X-CUBE-BLEMGR.3.1.0
2024-09-04 19:52:09,288 [WARN] PackLoader:240 - Cannot read IP mode file for STMicroelectronics.FP-SNS-SMARTAG2.1.2.0
2024-09-04 19:52:09,303 [INFO] LogOutputStream:77 - [STDOUT_REDIRECT] 1 : Invalid condition id : UX_CORESTACK_Condition cause : null
2024-09-04 19:52:09,304 [INFO] LogOutputStream:77 - [STDOUT_REDIRECT] 1 : Invalid condition id : UX_CORESTACK_Condition cause : null
2024-09-04 19:52:09,304 [INFO] LogOutputStream:77 - [STDOUT_REDIRECT] 1 : Invalid condition id : UX_CORESTACK_Condition cause : null
2024-09-04 19:52:09,305 [INFO] LogOutputStream:77 - [STDOUT_REDIRECT] 1 : Invalid condition id : UX_CORESTACK_Condition cause : null
2024-09-04 19:52:09,305 [INFO] LogOutputStream:77 - [STDOUT_REDIRECT] 1 : Invalid condition id : UX_CORESTACK_Condition cause : null
2024-09-04 19:52:09,311 [WARN] PackLoader:240 - Cannot read IP mode file for STMicroelectronics.X-CUBE-AZRTOS-WL.2.0.0
2024-09-04 19:52:09,321 [WARN] PackLoader:240 - Cannot read IP mode file for STMicroelectronics.FP-SNS-MOTENV1.5.0.0
2024-09-04 19:52:09,329 [WARN] PackLoader:240 - Cannot read IP mode file for wolfSSL.I-CUBE-wolfMQTT.1.19.0
2024-09-04 19:52:09,340 [WARN] PackLoader:240 - Cannot read IP mode file for WES.I-CUBE-Cesium.1.3.0
2024-09-04 19:52:09,349 [WARN] PackLoader:240 - Cannot read IP mode file for STMicroelectronics.X-CUBE-BLE2.3.3.0
2024-09-04 19:52:09,358 [WARN] PackLoader:240 - Cannot read IP mode file for STMicroelectronics.X-CUBE-TCPP.4.1.0
2024-09-04 19:52:09,390 [WARN] PackLoader:240 - Cannot read IP mode file for STMicroelectronics.X-CUBE-AZRTOS-G0.1.1.0
2024-09-04 19:52:09,403 [WARN] PackLoader:240 - Cannot read IP mode file for STMicroelectronics.X-CUBE-SAFEA1.1.2.2
2024-09-04 19:52:09,412 [WARN] PackLoader:240 - Cannot read IP mode file for STMicroelectronics.X-CUBE-NFC4.3.0.0
2024-09-04 19:52:09,429 [WARN] PackLoader:240 - Cannot read IP mode file for EmbeddedOffice.I-CUBE-FS-RTOS.1.0.1
2024-09-04 19:52:09,430 [ERROR] ConditionMgr:805 - Attr not supported : Dmpu
2024-09-04 19:52:09,430 [ERROR] ConditionMgr:805 - Attr not supported : Dmpu
2024-09-04 19:52:09,431 [ERROR] ConditionMgr:805 - Attr not supported : Dmpu
2024-09-04 19:52:09,431 [ERROR] ConditionMgr:805 - Attr not supported : Dmpu
2024-09-04 19:52:09,431 [ERROR] ConditionMgr:805 - Attr not supported : Dmpu
2024-09-04 19:52:09,431 [ERROR] ConditionMgr:805 - Attr not supported : Dmpu
2024-09-04 19:52:09,431 [ERROR] ConditionMgr:805 - Attr not supported : Dmpu
2024-09-04 19:52:09,431 [ERROR] ConditionMgr:805 - Attr not supported : Dmpu
2024-09-04 19:52:09,431 [ERROR] ConditionMgr:805 - Attr not supported : Dmpu
2024-09-04 19:52:09,432 [ERROR] ConditionMgr:805 - Attr not supported : Dmpu
2024-09-04 19:52:09,432 [ERROR] ConditionMgr:805 - Attr not supported : Dmpu
2024-09-04 19:52:09,432 [ERROR] ConditionMgr:805 - Attr not supported : Dmpu
2024-09-04 19:52:09,432 [ERROR] ConditionMgr:805 - Attr not supported : Dmpu
2024-09-04 19:52:09,432 [ERROR] ConditionMgr:805 - Attr not supported : Dmpu
2024-09-04 19:52:09,432 [ERROR] ConditionMgr:805 - Attr not supported : Dmpu
2024-09-04 19:52:09,433 [ERROR] ConditionMgr:805 - Attr not supported : Dmpu
2024-09-04 19:52:09,433 [ERROR] ConditionMgr:805 - Attr not supported : Dmpu
2024-09-04 19:52:09,433 [ERROR] ConditionMgr:805 - Attr not supported : Dmpu
2024-09-04 19:52:09,433 [ERROR] ConditionMgr:805 - Attr not supported : Dmpu
2024-09-04 19:52:09,433 [ERROR] ConditionMgr:805 - Attr not supported : Dmpu
2024-09-04 19:52:09,433 [ERROR] ConditionMgr:805 - Attr not supported : Dmpu
2024-09-04 19:52:09,433 [ERROR] ConditionMgr:805 - Attr not supported : Dmpu
2024-09-04 19:52:09,433 [ERROR] ConditionMgr:805 - Attr not supported : Dmpu
2024-09-04 19:52:09,434 [ERROR] ConditionMgr:805 - Attr not supported : Dmpu
2024-09-04 19:52:09,434 [ERROR] ConditionMgr:805 - Attr not supported : Dmpu
2024-09-04 19:52:09,434 [ERROR] ConditionMgr:805 - Attr not supported : Dmpu
2024-09-04 19:52:09,434 [ERROR] ConditionMgr:805 - Attr not supported : Dmpu
2024-09-04 19:52:09,434 [ERROR] ConditionMgr:805 - Attr not supported : Dmpu
2024-09-04 19:52:09,434 [ERROR] ConditionMgr:805 - Attr not supported : Dmpu
2024-09-04 19:52:09,434 [ERROR] ConditionMgr:805 - Attr not supported : Dmpu
2024-09-04 19:52:09,434 [ERROR] ConditionMgr:805 - Attr not supported : Dmpu
2024-09-04 19:52:09,434 [ERROR] ConditionMgr:805 - Attr not supported : Dmpu
2024-09-04 19:52:09,434 [ERROR] ConditionMgr:805 - Attr not supported : Dmpu
2024-09-04 19:52:09,435 [ERROR] ConditionMgr:805 - Attr not supported : Dmpu
2024-09-04 19:52:09,435 [ERROR] ConditionMgr:805 - Attr not supported : Dmpu
2024-09-04 19:52:09,435 [ERROR] ConditionMgr:805 - Attr not supported : Dmpu
2024-09-04 19:52:09,435 [ERROR] ConditionMgr:805 - Attr not supported : Dmpu
2024-09-04 19:52:09,435 [ERROR] ConditionMgr:805 - Attr not supported : Dmpu
2024-09-04 19:52:09,435 [ERROR] ConditionMgr:805 - Attr not supported : Dmpu
2024-09-04 19:52:09,435 [ERROR] ConditionMgr:805 - Attr not supported : Dmpu
2024-09-04 19:52:09,435 [ERROR] ConditionMgr:805 - Attr not supported : Dmpu
2024-09-04 19:52:09,436 [ERROR] ConditionMgr:805 - Attr not supported : Dmpu
2024-09-04 19:52:09,436 [ERROR] ConditionMgr:805 - Attr not supported : Dmpu
2024-09-04 19:52:09,436 [ERROR] ConditionMgr:805 - Attr not supported : Dmpu
2024-09-04 19:52:09,436 [ERROR] ConditionMgr:805 - Attr not supported : Dmpu
2024-09-04 19:52:09,436 [ERROR] ConditionMgr:805 - Attr not supported : Dmpu
2024-09-04 19:52:09,436 [ERROR] ConditionMgr:805 - Attr not supported : Dmpu
2024-09-04 19:52:09,436 [ERROR] ConditionMgr:805 - Attr not supported : Dmpu
2024-09-04 19:52:09,436 [ERROR] ConditionMgr:805 - Attr not supported : Dmpu
2024-09-04 19:52:09,437 [ERROR] ConditionMgr:805 - Attr not supported : Dmpu
2024-09-04 19:52:09,437 [ERROR] ConditionMgr:805 - Attr not supported : Dmpu
2024-09-04 19:52:09,437 [ERROR] ConditionMgr:805 - Attr not supported : Dmpu
2024-09-04 19:52:09,437 [ERROR] ConditionMgr:805 - Attr not supported : Dmpu
2024-09-04 19:52:09,437 [ERROR] ConditionMgr:805 - Attr not supported : Dmpu
2024-09-04 19:52:09,437 [ERROR] ConditionMgr:805 - Attr not supported : Dmpu
2024-09-04 19:52:09,437 [ERROR] ConditionMgr:805 - Attr not supported : Dmpu
2024-09-04 19:52:09,438 [ERROR] ConditionMgr:805 - Attr not supported : Dmpu
2024-09-04 19:52:09,438 [ERROR] ConditionMgr:805 - Attr not supported : Dmpu
2024-09-04 19:52:09,438 [ERROR] ConditionMgr:805 - Attr not supported : Dmpu
2024-09-04 19:52:09,438 [ERROR] ConditionMgr:805 - Attr not supported : Dmpu
2024-09-04 19:52:09,438 [ERROR] ConditionMgr:805 - Attr not supported : Dmpu
2024-09-04 19:52:09,438 [ERROR] ConditionMgr:805 - Attr not supported : Dmpu
2024-09-04 19:52:09,438 [ERROR] ConditionMgr:805 - Attr not supported : Dmpu
2024-09-04 19:52:09,439 [ERROR] ConditionMgr:805 - Attr not supported : Dmpu
2024-09-04 19:52:09,446 [WARN] PackLoader:240 - Cannot read IP mode file for RealThread.X-CUBE-RT-Thread_Nano.4.1.1
2024-09-04 19:52:09,452 [WARN] PackLoader:240 - Cannot read IP mode file for STMicroelectronics.FP-ATR-SIGFOX1.3.2.0
2024-09-04 19:52:09,457 [WARN] PackLoader:240 - Cannot read IP mode file for wolfSSL.I-CUBE-wolfSSL.5.7.2
2024-09-04 19:52:09,466 [WARN] PackLoader:240 - Cannot read IP mode file for STMicroelectronics.X-CUBE-EEPRMA1.5.1.0
2024-09-04 19:52:09,474 [WARN] PackLoader:240 - Cannot read IP mode file for ITTIA_DB.I-CUBE-ITTIADB.8.9.0
2024-09-04 19:52:09,516 [WARN] PackLoader:240 - Cannot read IP mode file for SEGGER.I-CUBE-embOS.1.3.1
2024-09-04 19:52:09,602 [WARN] PackLoader:240 - Cannot read IP mode file for STMicroelectronics.X-CUBE-ALGOBUILD.1.4.0
2024-09-04 19:52:09,608 [WARN] PackLoader:240 - Cannot read IP mode file for STMicroelectronics.X-CUBE-GNSS1.6.0.0
2024-09-04 19:52:09,627 [WARN] PackLoader:240 - Cannot read IP mode file for STMicroelectronics.X-CUBE-AZRTOS-F4.1.1.0
2024-09-04 19:52:09,635 [WARN] PackLoader:240 - Cannot read IP mode file for STMicroelectronics.X-CUBE-FREERTOS.1.2.0
2024-09-04 19:52:09,654 [WARN] PackLoader:240 - Cannot read IP mode file for STMicroelectronics.X-CUBE-AZRTOS-L5.2.0.0
2024-09-04 19:52:09,666 [WARN] PackLoader:240 - Cannot read IP mode file for STMicroelectronics.X-CUBE-NFC6.3.1.0
2024-09-04 19:52:09,672 [WARN] PackLoader:240 - Cannot read IP mode file for STMicroelectronics.X-CUBE-AI.9.0.0
2024-09-04 19:52:09,677 [WARN] PackLoader:240 - Cannot read IP mode file for STMicroelectronics.X-CUBE-NFC7.1.0.1
2024-09-04 19:52:09,681 [WARN] PackLoader:240 - Cannot read IP mode file for wolfSSL.I-CUBE-wolfTPM.3.2.0
2024-09-04 19:52:09,702 [WARN] ConditionMgr:438 - getConditionDescription Invalid condition id : LAN8742 Phy interface Condition cause : null
2024-09-04 19:52:09,703 [WARN] PackLoader:240 - Cannot read IP mode file for STMicroelectronics.X-CUBE-AZRTOS-L4.2.0.0
2024-09-04 19:52:09,704 [WARN] ConditionMgr:1039 - genDependencies : Invalid condition id : LAN8742 Phy interface Condition cause : null
2024-09-04 19:52:09,705 [WARN] ConditionMgr:1039 - genDependencies : Invalid condition id : LAN8742 Phy interface Condition cause : null
2024-09-04 19:52:09,706 [WARN] ConditionMgr:1039 - genDependencies : Invalid condition id : LAN8742 Phy interface Condition cause : null
2024-09-04 19:52:09,715 [WARN] PackLoader:240 - Cannot read IP mode file for STMicroelectronics.X-CUBE-SFXS2LP1.4.0.0
2024-09-04 19:52:09,738 [WARN] PackLoader:240 - Cannot read IP mode file for STMicroelectronics.X-CUBE-AZRTOS-H7.3.3.0
2024-09-04 19:52:09,756 [WARN] ConditionMgr:438 - getConditionDescription Invalid condition id : UX DEVICE CLASS RTOS Condition cause : null
2024-09-04 19:52:09,756 [WARN] ConditionMgr:438 - getConditionDescription Invalid condition id : UX DEVICE CLASS RTOS Condition cause : null
2024-09-04 19:52:09,760 [WARN] PackLoader:240 - Cannot read IP mode file for STMicroelectronics.X-CUBE-AZRTOS-WB.2.0.0
2024-09-04 19:52:09,760 [WARN] ConditionMgr:1039 - genDependencies : Invalid condition id : UX DEVICE CLASS RTOS Condition cause : null
2024-09-04 19:52:09,761 [WARN] ConditionMgr:1039 - genDependencies : Invalid condition id : UX DEVICE CLASS RTOS Condition cause : null
2024-09-04 19:52:09,761 [WARN] ConditionMgr:1039 - genDependencies : Invalid condition id : UX DEVICE CLASS RTOS Condition cause : null
2024-09-04 19:52:09,762 [WARN] ConditionMgr:1039 - genDependencies : Invalid condition id : UX DEVICE CLASS RTOS Condition cause : null
2024-09-04 19:52:09,762 [WARN] ConditionMgr:1039 - genDependencies : Invalid condition id : UX DEVICE CLASS RTOS Condition cause : null
2024-09-04 19:52:09,769 [WARN] PackLoader:240 - Cannot read IP mode file for STMicroelectronics.FP-SNS-STBOX1.2.0.0
2024-09-04 19:52:09,786 [WARN] PackLoader:240 - Cannot read IP mode file for STMicroelectronics.X-CUBE-SUBG2.5.0.0
2024-09-04 19:52:09,798 [WARN] PackLoader:240 - Cannot read IP mode file for Cesanta.I-CUBE-Mongoose.7.13.0
2024-09-04 19:52:09,818 [WARN] PackLoader:240 - Cannot read IP mode file for STMicroelectronics.X-CUBE-AZRTOS-G4.2.0.0
2024-09-04 19:52:09,826 [WARN] PackLoader:240 - Cannot read IP mode file for STMicroelectronics.X-CUBE-ISPU.2.0.0
2024-09-04 19:52:09,834 [WARN] PackLoader:240 - Cannot read IP mode file for STMicroelectronics.X-CUBE-ALS.1.0.2
2024-09-04 19:52:09,902 [WARN] PackLoader:240 - Cannot read IP mode file for STMicroelectronics.X-CUBE-MEMS1.10.0.0
2024-09-04 19:52:10,131 [WARN] PackLoader:240 - Cannot read IP mode file for portGmbH.I-Cube-SoM-uGOAL.1.1.0
2024-09-04 19:52:10,163 [WARN] PackLoader:240 - Cannot read IP mode file for STMicroelectronics.X-CUBE-AZRTOS-H7RS.1.0.0
2024-09-04 19:52:10,172 [WARN] PackLoader:240 - Cannot read IP mode file for STMicroelectronics.FP-ATR-ASTRA1.2.0.0
2024-09-04 19:52:10,188 [WARN] PackLoader:240 - Cannot read IP mode file for STMicroelectronics.X-CUBE-TOF1.3.4.2
2024-09-04 19:52:10,224 [WARN] PackLoader:240 - Cannot read IP mode file for STMicroelectronics.X-CUBE-TOF1.3.4.1
2024-09-04 19:52:10,318 [WARN] PackLoader:240 - Cannot read IP mode file for STMicroelectronics.X-CUBE-AZRTOS-H7.3.2.0
2024-09-04 19:52:10,338 [WARN] PackLoader:240 - Cannot read IP mode file for Infineon.AIROC-Wi-Fi-Bluetooth-STM32.1.6.0
2024-09-04 19:52:10,350 [WARN] PackLoader:240 - Cannot read IP mode file for wolfSSL.I-CUBE-wolfSSH.1.4.17
2024-09-04 19:52:10,352 [INFO] ThirdParty:978 - Integrity check success = true
2024-09-04 19:52:10,353 [INFO] IntegrityCheckThread:100 - exiting critical section [integrity check]
2024-09-04 19:52:10,353 [INFO] IntegrityCheckThread:103 - End integrity checks thread
