22:36:40 **** Incremental Build of configuration Debug for project GPIO_IOToggle ****
make -j8 all 
arm-none-eabi-gcc "/home/talbanesi/Git/UTN_TD2_2024/STM32IDE_General_Workspace/GPIO_IOToggle/Src/main.c" -mcpu=cortex-m4 -std=gnu11 -g3 -DDEBUG -DSTM32F401xE -DUSE_STM32F4XX_NUCLEO -DUSE_HAL_DRIVER -c -I../../Inc -I../../Drivers/CMSIS/Device/ST/STM32F4xx/Include -I../../Drivers/STM32F4xx_HAL_Driver/Inc -I../../Drivers/BSP/STM32F4xx-Nucleo -I../../Drivers/CMSIS/Include -O0 -ffunction-sections -fdata-sections -Wall -fstack-usage -fcyclomatic-complexity -MMD -MP -MF"Example/User/main.d" -MT"Example/User/main.o" --specs=nano.specs -mfpu=fpv4-sp-d16 -mfloat-abi=hard -mthumb -o "Example/User/main.o"
arm-none-eabi-gcc -o "GPIO_IOToggle.elf" @"objects.list"   -mcpu=cortex-m4 -T"/home/talbanesi/Git/UTN_TD2_2024/STM32IDE_General_Workspace/GPIO_IOToggle/STM32CubeIDE/STM32F401CEUX_FLASH.ld" --specs=nosys.specs -Wl,-Map="GPIO_IOToggle.map" -Wl,--gc-sections -static --specs=nano.specs -mfpu=fpv4-sp-d16 -mfloat-abi=hard -mthumb -Wl,--start-group -lc -lm -Wl,--end-group
/home/talbanesi/st/stm32cubeide_1.16.0/plugins/com.st.stm32cube.ide.mcu.externaltools.gnu-tools-for-stm32.12.3.rel1.linux64_1.0.200.202406132123/tools/bin/../lib/gcc/arm-none-eabi/12.3.1/../../../../arm-none-eabi/bin/ld: warning: GPIO_IOToggle.elf has a LOAD segment with RWX permissions
Finished building target: GPIO_IOToggle.elf
 
arm-none-eabi-size  GPIO_IOToggle.elf 
arm-none-eabi-objdump -h -S GPIO_IOToggle.elf  > "GPIO_IOToggle.list"
   text	   data	    bss	    dec	    hex	filename
   5780	     20	   1588	   7388	   1cdc	GPIO_IOToggle.elf
Finished building: default.size.stdout
 
Finished building: GPIO_IOToggle.list
 

22:36:41 Build Finished. 0 errors, 1 warnings. (took 510ms)

