Archive member included to satisfy reference by file (symbol)

/home/talbanesi/st/stm32cubeide_1.16.0/plugins/com.st.stm32cube.ide.mcu.externaltools.gnu-tools-for-stm32.12.3.rel1.linux64_1.0.200.202406132123/tools/bin/../lib/gcc/arm-none-eabi/12.3.1/../../../../arm-none-eabi/lib/thumb/v7e-m+fp/hard/libc_nano.a(libc_a-exit.o)
                              /home/talbanesi/st/stm32cubeide_1.16.0/plugins/com.st.stm32cube.ide.mcu.externaltools.gnu-tools-for-stm32.12.3.rel1.linux64_1.0.200.202406132123/tools/bin/../lib/gcc/arm-none-eabi/12.3.1/../../../../arm-none-eabi/lib/thumb/v7e-m+fp/hard/crt0.o (exit)
/home/talbanesi/st/stm32cubeide_1.16.0/plugins/com.st.stm32cube.ide.mcu.externaltools.gnu-tools-for-stm32.12.3.rel1.linux64_1.0.200.202406132123/tools/bin/../lib/gcc/arm-none-eabi/12.3.1/../../../../arm-none-eabi/lib/thumb/v7e-m+fp/hard/libc_nano.a(libc_a-findfp.o)
                              /home/talbanesi/st/stm32cubeide_1.16.0/plugins/com.st.stm32cube.ide.mcu.externaltools.gnu-tools-for-stm32.12.3.rel1.linux64_1.0.200.202406132123/tools/bin/../lib/gcc/arm-none-eabi/12.3.1/../../../../arm-none-eabi/lib/thumb/v7e-m+fp/hard/libc_nano.a(libc_a-exit.o) (__stdio_exit_handler)
/home/talbanesi/st/stm32cubeide_1.16.0/plugins/com.st.stm32cube.ide.mcu.externaltools.gnu-tools-for-stm32.12.3.rel1.linux64_1.0.200.202406132123/tools/bin/../lib/gcc/arm-none-eabi/12.3.1/../../../../arm-none-eabi/lib/thumb/v7e-m+fp/hard/libc_nano.a(libc_a-fwalk.o)
                              /home/talbanesi/st/stm32cubeide_1.16.0/plugins/com.st.stm32cube.ide.mcu.externaltools.gnu-tools-for-stm32.12.3.rel1.linux64_1.0.200.202406132123/tools/bin/../lib/gcc/arm-none-eabi/12.3.1/../../../../arm-none-eabi/lib/thumb/v7e-m+fp/hard/libc_nano.a(libc_a-findfp.o) (_fwalk_sglue)
/home/talbanesi/st/stm32cubeide_1.16.0/plugins/com.st.stm32cube.ide.mcu.externaltools.gnu-tools-for-stm32.12.3.rel1.linux64_1.0.200.202406132123/tools/bin/../lib/gcc/arm-none-eabi/12.3.1/../../../../arm-none-eabi/lib/thumb/v7e-m+fp/hard/libc_nano.a(libc_a-stdio.o)
                              /home/talbanesi/st/stm32cubeide_1.16.0/plugins/com.st.stm32cube.ide.mcu.externaltools.gnu-tools-for-stm32.12.3.rel1.linux64_1.0.200.202406132123/tools/bin/../lib/gcc/arm-none-eabi/12.3.1/../../../../arm-none-eabi/lib/thumb/v7e-m+fp/hard/libc_nano.a(libc_a-findfp.o) (__sread)
/home/talbanesi/st/stm32cubeide_1.16.0/plugins/com.st.stm32cube.ide.mcu.externaltools.gnu-tools-for-stm32.12.3.rel1.linux64_1.0.200.202406132123/tools/bin/../lib/gcc/arm-none-eabi/12.3.1/../../../../arm-none-eabi/lib/thumb/v7e-m+fp/hard/libc_nano.a(libc_a-memset.o)
                              /home/talbanesi/st/stm32cubeide_1.16.0/plugins/com.st.stm32cube.ide.mcu.externaltools.gnu-tools-for-stm32.12.3.rel1.linux64_1.0.200.202406132123/tools/bin/../lib/gcc/arm-none-eabi/12.3.1/../../../../arm-none-eabi/lib/thumb/v7e-m+fp/hard/crt0.o (memset)
/home/talbanesi/st/stm32cubeide_1.16.0/plugins/com.st.stm32cube.ide.mcu.externaltools.gnu-tools-for-stm32.12.3.rel1.linux64_1.0.200.202406132123/tools/bin/../lib/gcc/arm-none-eabi/12.3.1/../../../../arm-none-eabi/lib/thumb/v7e-m+fp/hard/libc_nano.a(libc_a-closer.o)
                              /home/talbanesi/st/stm32cubeide_1.16.0/plugins/com.st.stm32cube.ide.mcu.externaltools.gnu-tools-for-stm32.12.3.rel1.linux64_1.0.200.202406132123/tools/bin/../lib/gcc/arm-none-eabi/12.3.1/../../../../arm-none-eabi/lib/thumb/v7e-m+fp/hard/libc_nano.a(libc_a-stdio.o) (_close_r)
/home/talbanesi/st/stm32cubeide_1.16.0/plugins/com.st.stm32cube.ide.mcu.externaltools.gnu-tools-for-stm32.12.3.rel1.linux64_1.0.200.202406132123/tools/bin/../lib/gcc/arm-none-eabi/12.3.1/../../../../arm-none-eabi/lib/thumb/v7e-m+fp/hard/libc_nano.a(libc_a-reent.o)
                              /home/talbanesi/st/stm32cubeide_1.16.0/plugins/com.st.stm32cube.ide.mcu.externaltools.gnu-tools-for-stm32.12.3.rel1.linux64_1.0.200.202406132123/tools/bin/../lib/gcc/arm-none-eabi/12.3.1/../../../../arm-none-eabi/lib/thumb/v7e-m+fp/hard/libc_nano.a(libc_a-closer.o) (errno)
/home/talbanesi/st/stm32cubeide_1.16.0/plugins/com.st.stm32cube.ide.mcu.externaltools.gnu-tools-for-stm32.12.3.rel1.linux64_1.0.200.202406132123/tools/bin/../lib/gcc/arm-none-eabi/12.3.1/../../../../arm-none-eabi/lib/thumb/v7e-m+fp/hard/libc_nano.a(libc_a-impure.o)
                              /home/talbanesi/st/stm32cubeide_1.16.0/plugins/com.st.stm32cube.ide.mcu.externaltools.gnu-tools-for-stm32.12.3.rel1.linux64_1.0.200.202406132123/tools/bin/../lib/gcc/arm-none-eabi/12.3.1/../../../../arm-none-eabi/lib/thumb/v7e-m+fp/hard/libc_nano.a(libc_a-reent.o) (_impure_ptr)
/home/talbanesi/st/stm32cubeide_1.16.0/plugins/com.st.stm32cube.ide.mcu.externaltools.gnu-tools-for-stm32.12.3.rel1.linux64_1.0.200.202406132123/tools/bin/../lib/gcc/arm-none-eabi/12.3.1/../../../../arm-none-eabi/lib/thumb/v7e-m+fp/hard/libc_nano.a(libc_a-lseekr.o)
[...]
Memory Configuration

Name             Origin             Length             Attributes
RAM              0x20000000         0x00018000         xrw
ROM              0x08000000         0x00080000         xr
*default*        0x00000000         0xffffffff

Linker script and memory map

LOAD /home/talbanesi/st/stm32cubeide_1.16.0/plugins/com.st.stm32cube.ide.mcu.externaltools.gnu-tools-for-stm32.12.3.rel1.linux64_1.0.200.202406132123/tools/bin/../lib/gcc/arm-none-eabi/12.3.1/thumb/v7e-m+fp/hard/crti.o
LOAD /home/talbanesi/st/stm32cubeide_1.16.0/plugins/com.st.stm32cube.ide.mcu.externaltools.gnu-tools-for-stm32.12.3.rel1.linux64_1.0.200.202406132123/tools/bin/../lib/gcc/arm-none-eabi/12.3.1/thumb/v7e-m+fp/hard/crtbegin.o
LOAD /home/talbanesi/st/stm32cubeide_1.16.0/plugins/com.st.stm32cube.ide.mcu.externaltools.gnu-tools-for-stm32.12.3.rel1.linux64_1.0.200.202406132123/tools/bin/../lib/gcc/arm-none-eabi/12.3.1/../../../../arm-none-eabi/lib/thumb/v7e-m+fp/hard/crt0.o
LOAD ./Drivers/BSP/STM32F4xx-Nucleo/stm32f4xx_nucleo.o
LOAD ./Drivers/CMSIS/system_stm32f4xx.o
LOAD ./Drivers/STM32F4xx_HAL_Driver/stm32f4xx_hal.o
LOAD ./Drivers/STM32F4xx_HAL_Driver/stm32f4xx_hal_adc.o
LOAD ./Drivers/STM32F4xx_HAL_Driver/stm32f4xx_hal_adc_ex.o
LOAD ./Drivers/STM32F4xx_HAL_Driver/stm32f4xx_hal_cortex.o
LOAD ./Drivers/STM32F4xx_HAL_Driver/stm32f4xx_hal_dma.o
LOAD ./Drivers/STM32F4xx_HAL_Driver/stm32f4xx_hal_dma_ex.o
LOAD ./Drivers/STM32F4xx_HAL_Driver/stm32f4xx_hal_flash.o
LOAD ./Drivers/STM32F4xx_HAL_Driver/stm32f4xx_hal_flash_ex.o
LOAD ./Drivers/STM32F4xx_HAL_Driver/stm32f4xx_hal_gpio.o
LOAD ./Drivers/STM32F4xx_HAL_Driver/stm32f4xx_hal_rcc.o
LOAD ./Drivers/STM32F4xx_HAL_Driver/stm32f4xx_hal_rcc_ex.o
LOAD ./Drivers/STM32F4xx_HAL_Driver/stm32f4xx_hal_spi.o
LOAD ./Example/Startup/startup_stm32f401ceux.o
LOAD ./Example/User/main.o
LOAD ./Example/User/stm32f4xx_it.o
LOAD ./Example/User/syscalls.o
LOAD ./Example/User/sysmem.o
START GROUP
LOAD /home/talbanesi/st/stm32cubeide_1.16.0/plugins/com.st.stm32cube.ide.mcu.externaltools.gnu-tools-for-stm32.12.3.rel1.linux64_1.0.200.202406132123/tools/bin/../lib/gcc/arm-none-eabi/12.3.1/../../../../arm-none-eabi/lib/thumb/v7e-m+fp/hard/libc_nano.a
LOAD /home/talbanesi/st/stm32cubeide_1.16.0/plugins/com.st.stm32cube.ide.mcu.externaltools.gnu-tools-for-stm32.12.3.rel1.linux64_1.0.200.202406132123/tools/bin/../lib/gcc/arm-none-eabi/12.3.1/../../../../arm-none-eabi/lib/thumb/v7e-m+fp/hard/libm.a
END GROUP
START GROUP
LOAD /home/talbanesi/st/stm32cubeide_1.16.0/plugins/com.st.stm32cube.ide.mcu.externaltools.gnu-tools-for-stm32.12.3.rel1.linux64_1.0.200.202406132123/tools/bin/../lib/gcc/arm-none-eabi/12.3.1/thumb/v7e-m+fp/hard/libgcc.a
LOAD /home/talbanesi/st/stm32cubeide_1.16.0/plugins/com.st.stm32cube.ide.mcu.externaltools.gnu-tools-for-stm32.12.3.rel1.linux64_1.0.200.202406132123/tools/bin/../lib/gcc/arm-none-eabi/12.3.1/../../../../arm-none-eabi/lib/thumb/v7e-m+fp/hard/libc_nano.a
END GROUP
START GROUP
LOAD /home/talbanesi/st/stm32cubeide_1.16.0/plugins/com.st.stm32cube.ide.mcu.externaltools.gnu-tools-for-stm32.12.3.rel1.linux64_1.0.200.202406132123/tools/bin/../lib/gcc/arm-none-eabi/12.3.1/thumb/v7e-m+fp/hard/libgcc.a
LOAD /home/talbanesi/st/stm32cubeide_1.16.0/plugins/com.st.stm32cube.ide.mcu.externaltools.gnu-tools-for-stm32.12.3.rel1.linux64_1.0.200.202406132123/tools/bin/../lib/gcc/arm-none-eabi/12.3.1/../../../../arm-none-eabi/lib/thumb/v7e-m+fp/hard/libc_nano.a
LOAD /home/talbanesi/st/stm32cubeide_1.16.0/plugins/com.st.stm32cube.ide.mcu.externaltools.gnu-tools-for-stm32.12.3.rel1.linux64_1.0.200.202406132123/tools/bin/../lib/gcc/arm-none-eabi/12.3.1/../../../../arm-none-eabi/lib/thumb/v7e-m+fp/hard/libnosys.a
END GROUP
START GROUP
LOAD /home/talbanesi/st/stm32cubeide_1.16.0/plugins/com.st.stm32cube.ide.mcu.externaltools.gnu-tools-for-stm32.12.3.rel1.linux64_1.0.200.202406132123/tools/bin/../lib/gcc/arm-none-eabi/12.3.1/thumb/v7e-m+fp/hard/libgcc.a
LOAD /home/talbanesi/st/stm32cubeide_1.16.0/plugins/com.st.stm32cube.ide.mcu.externaltools.gnu-tools-for-stm32.12.3.rel1.linux64_1.0.200.202406132123/tools/bin/../lib/gcc/arm-none-eabi/12.3.1/../../../../arm-none-eabi/lib/thumb/v7e-m+fp/hard/libc_nano.a
LOAD /home/talbanesi/st/stm32cubeide_1.16.0/plugins/com.st.stm32cube.ide.mcu.externaltools.gnu-tools-for-stm32.12.3.rel1.linux64_1.0.200.202406132123/tools/bin/../lib/gcc/arm-none-eabi/12.3.1/../../../../arm-none-eabi/lib/thumb/v7e-m+fp/hard/libnosys.a
END GROUP
LOAD /home/talbanesi/st/stm32cubeide_1.16.0/plugins/com.st.stm32cube.ide.mcu.externaltools.gnu-tools-for-stm32.12.3.rel1.linux64_1.0.200.202406132123/tools/bin/../lib/gcc/arm-none-eabi/12.3.1/thumb/v7e-m+fp/hard/crtend.o
LOAD /home/talbanesi/st/stm32cubeide_1.16.0/plugins/com.st.stm32cube.ide.mcu.externaltools.gnu-tools-for-stm32.12.3.rel1.linux64_1.0.200.202406132123/tools/bin/../lib/gcc/arm-none-eabi/12.3.1/thumb/v7e-m+fp/hard/crtn.o
                0x20018000                        _estack = (ORIGIN (RAM) + LENGTH (RAM))
                0x00000200                        _Min_Heap_Size = 0x200
                0x00000400                        _Min_Stack_Size = 0x400

.isr_vector     0x08000000      0x194
                0x08000000                        . = ALIGN (0x4)
 *(.isr_vector)
 .isr_vector    0x08000000      0x194 ./Example/Startup/startup_stm32f401ceux.o
                0x08000000                g_pfnVectors
                0x08000194                        . = ALIGN (0x4)

.text           0x08000194     0x14e8
                0x08000194                        . = ALIGN (0x4)
 *(.text)
 .text          0x08000194       0x40 /home/talbanesi/st/stm32cubeide_1.16.0/plugins/com.st.stm32cube.ide.mcu.externaltools.gnu-tools-for-stm32.12.3.rel1.linux64_1.0.200.202406132123/tools/bin/../lib/gcc/arm-none-eabi/12.3.1/thumb/v7e-m+fp/hard/crtbegin.o
 .text          0x080001d4       0x30 /home/talbanesi/st/stm32cubeide_1.16.0/plugins/com.st.stm32cube.ide.mcu.externaltools.gnu-tools-for-stm32.12.3.rel1.linux64_1.0.200.202406132123/tools/bin/../lib/gcc/arm-none-eabi/12.3.1/thumb/v7e-m+fp/hard/libgcc.a(_aeabi_uldivmod.o)
                0x080001d4                __aeabi_uldivmod
 .text          0x08000204      0x2bc /home/talbanesi/st/stm32cubeide_1.16.0/plugins/com.st.stm32cube.ide.mcu.externaltools.gnu-tools-for-stm32.12.3.rel1.linux64_1.0.200.202406132123/tools/bin/../lib/gcc/arm-none-eabi/12.3.1/thumb/v7e-m+fp/hard/libgcc.a(_udivmoddi4.o)
                0x08000204                __udivmoddi4
 .text          0x080004c0        0x4 /home/talbanesi/st/stm32cubeide_1.16.0/plugins/com.st.stm32cube.ide.mcu.externaltools.gnu-tools-for-stm32.12.3.rel1.linux64_1.0.200.202406132123/tools/bin/../lib/gcc/arm-none-eabi/12.3.1/thumb/v7e-m+fp/hard/libgcc.a(_dvmd_tls.o)
                0x080004c0                __aeabi_ldiv0
                0x080004c0                __aeabi_idiv0
 *(.text*)
 .text.SystemInit
                0x080004c4       0x6c ./Drivers/CMSIS/system_stm32f4xx.o
                0x080004c4                SystemInit
 .text.HAL_Init
                0x08000530       0x44 ./Drivers/STM32F4xx_HAL_Driver/stm32f4xx_hal.o
                0x08000530                HAL_Init
 .text.HAL_MspInit
                0x08000574        0xe ./Drivers/STM32F4xx_HAL_Driver/stm32f4xx_hal.o
                0x08000574                HAL_MspInit
 *fill*         0x08000582        0x2 
 .text.HAL_InitTick
                0x08000584       0x60 ./Drivers/STM32F4xx_HAL_Driver/stm32f4xx_hal.o
                0x08000584                HAL_InitTick
 .text.HAL_IncTick
                0x080005e4       0x28 ./Drivers/STM32F4xx_HAL_Driver/stm32f4xx_hal.o
                0x080005e4                HAL_IncTick
 .text.HAL_GetTick
                0x0800060c       0x18 ./Drivers/STM32F4xx_HAL_Driver/stm32f4xx_hal.o
                0x0800060c                HAL_GetTick
 .text.HAL_Delay
                0x08000624       0x48 ./Drivers/STM32F4xx_HAL_Driver/stm32f4xx_hal.o
                0x08000624                HAL_Delay
 .text.__NVIC_SetPriorityGrouping
                0x0800066c       0x48 ./Drivers/STM32F4xx_HAL_Driver/stm32f4xx_hal_cortex.o
 .text.__NVIC_GetPriorityGrouping
                0x080006b4       0x1c ./Drivers/STM32F4xx_HAL_Driver/stm32f4xx_hal_cortex.o
 .text.__NVIC_SetPriority
                0x080006d0       0x54 ./Drivers/STM32F4xx_HAL_Driver/stm32f4xx_hal_cortex.o
 .text.NVIC_EncodePriority
                0x08000724       0x66 ./Drivers/STM32F4xx_HAL_Driver/stm32f4xx_hal_cortex.o
 *fill*         0x0800078a        0x2 
 .text.SysTick_Config
                0x0800078c       0x44 ./Drivers/STM32F4xx_HAL_Driver/stm32f4xx_hal_cortex.o
 .text.HAL_NVIC_SetPriorityGrouping
                0x080007d0       0x16 ./Drivers/STM32F4xx_HAL_Driver/stm32f4xx_hal_cortex.o
                0x080007d0                HAL_NVIC_SetPriorityGrouping
 .text.HAL_NVIC_SetPriority
                0x080007e6       0x38 ./Drivers/STM32F4xx_HAL_Driver/stm32f4xx_hal_cortex.o
                0x080007e6                HAL_NVIC_SetPriority
 .text.HAL_SYSTICK_Config
                0x0800081e       0x18 ./Drivers/STM32F4xx_HAL_Driver/stm32f4xx_hal_cortex.o
                0x0800081e                HAL_SYSTICK_Config
 *fill*         0x08000836        0x2 
 .text.HAL_GPIO_Init
                0x08000838      0x308 ./Drivers/STM32F4xx_HAL_Driver/stm32f4xx_hal_gpio.o
                0x08000838                HAL_GPIO_Init
 .text.HAL_GPIO_TogglePin
                0x08000b40       0x34 ./Drivers/STM32F4xx_HAL_Driver/stm32f4xx_hal_gpio.o
                0x08000b40                HAL_GPIO_TogglePin
 .text.HAL_RCC_OscConfig
                0x08000b74      0x4f0 ./Drivers/STM32F4xx_HAL_Driver/stm32f4xx_hal_rcc.o
                0x08000b74                HAL_RCC_OscConfig
 .text.HAL_RCC_ClockConfig
                0x08001064      0x1cc ./Drivers/STM32F4xx_HAL_Driver/stm32f4xx_hal_rcc.o
                0x08001064                HAL_RCC_ClockConfig
 .text.HAL_RCC_GetSysClockFreq
                0x08001230      0x20c ./Drivers/STM32F4xx_HAL_Driver/stm32f4xx_hal_rcc.o
                0x08001230                HAL_RCC_GetSysClockFreq
 .text.Reset_Handler
                0x0800143c       0x50 ./Example/Startup/startup_stm32f401ceux.o
                0x0800143c                Reset_Handler
 .text.Default_Handler
                0x0800148c        0x2 ./Example/Startup/startup_stm32f401ceux.o
                0x0800148c                RTC_Alarm_IRQHandler
                0x0800148c                EXTI2_IRQHandler
                0x0800148c                SPI4_IRQHandler
                0x0800148c                TIM1_CC_IRQHandler
                0x0800148c                DMA2_Stream5_IRQHandler
                0x0800148c                DMA1_Stream5_IRQHandler
                0x0800148c                PVD_IRQHandler
                0x0800148c                SDIO_IRQHandler
                0x0800148c                TAMP_STAMP_IRQHandler
                0x0800148c                EXTI3_IRQHandler
                0x0800148c                TIM1_UP_TIM10_IRQHandler
                0x0800148c                I2C3_ER_IRQHandler
                0x0800148c                EXTI0_IRQHandler
                0x0800148c                I2C2_EV_IRQHandler
                0x0800148c                DMA1_Stream2_IRQHandler
                0x0800148c                FPU_IRQHandler
                0x0800148c                DMA2_Stream2_IRQHandler
                0x0800148c                SPI1_IRQHandler
                0x0800148c                TIM1_BRK_TIM9_IRQHandler
                0x0800148c                DMA2_Stream3_IRQHandler
                0x0800148c                USART6_IRQHandler
                0x0800148c                DMA2_Stream0_IRQHandler
                0x0800148c                TIM4_IRQHandler
                0x0800148c                I2C1_EV_IRQHandler
                0x0800148c                DMA1_Stream6_IRQHandler
                0x0800148c                DMA1_Stream1_IRQHandler
                0x0800148c                TIM3_IRQHandler
                0x0800148c                RCC_IRQHandler
                0x0800148c                Default_Handler
                0x0800148c                EXTI15_10_IRQHandler
                0x0800148c                ADC_IRQHandler
                0x0800148c                DMA1_Stream7_IRQHandler
                0x0800148c                TIM5_IRQHandler
                0x0800148c                DMA2_Stream7_IRQHandler
                0x0800148c                I2C3_EV_IRQHandler
                0x0800148c                EXTI9_5_IRQHandler
                0x0800148c                RTC_WKUP_IRQHandler
                0x0800148c                SPI2_IRQHandler
                0x0800148c                DMA1_Stream0_IRQHandler
                0x0800148c                EXTI4_IRQHandler
                0x0800148c                WWDG_IRQHandler
                0x0800148c                TIM2_IRQHandler
                0x0800148c                OTG_FS_WKUP_IRQHandler
                0x0800148c                TIM1_TRG_COM_TIM11_IRQHandler
                0x0800148c                EXTI1_IRQHandler
                0x0800148c                USART2_IRQHandler
                0x0800148c                I2C2_ER_IRQHandler
                0x0800148c                DMA2_Stream1_IRQHandler
                0x0800148c                FLASH_IRQHandler
                0x0800148c                DMA2_Stream4_IRQHandler
                0x0800148c                USART1_IRQHandler
                0x0800148c                OTG_FS_IRQHandler
                0x0800148c                SPI3_IRQHandler
                0x0800148c                DMA1_Stream4_IRQHandler
                0x0800148c                I2C1_ER_IRQHandler
                0x0800148c                DMA2_Stream6_IRQHandler
                0x0800148c                DMA1_Stream3_IRQHandler
 *fill*         0x0800148e        0x2 
 .text.main     0x08001490       0x68 ./Example/User/main.o
                0x08001490                main
 .text.SystemClock_Config
                0x080014f8       0xb8 ./Example/User/main.o
 .text.Error_Handler
                0x080015b0        0x8 ./Example/User/main.o
 .text.NMI_Handler
                0x080015b8        0xe ./Example/User/stm32f4xx_it.o
                0x080015b8                NMI_Handler
 .text.HardFault_Handler
                0x080015c6        0x8 ./Example/User/stm32f4xx_it.o
                0x080015c6                HardFault_Handler
 .text.MemManage_Handler
                0x080015ce        0x8 ./Example/User/stm32f4xx_it.o
                0x080015ce                MemManage_Handler
 .text.BusFault_Handler
                0x080015d6        0x8 ./Example/User/stm32f4xx_it.o
                0x080015d6                BusFault_Handler
 .text.UsageFault_Handler
                0x080015de        0x8 ./Example/User/stm32f4xx_it.o
                0x080015de                UsageFault_Handler
 .text.SVC_Handler
                0x080015e6        0xe ./Example/User/stm32f4xx_it.o
                0x080015e6                SVC_Handler
 .text.DebugMon_Handler
                0x080015f4        0xe ./Example/User/stm32f4xx_it.o
                0x080015f4                DebugMon_Handler
 .text.PendSV_Handler
                0x08001602        0xe ./Example/User/stm32f4xx_it.o
                0x08001602                PendSV_Handler
 .text.SysTick_Handler
                0x08001610        0xc ./Example/User/stm32f4xx_it.o
                0x08001610                SysTick_Handler
 .text.__libc_init_array
                0x0800161c       0x48 /home/talbanesi/st/stm32cubeide_1.16.0/plugins/com.st.stm32cube.ide.mcu.externaltools.gnu-tools-for-stm32.12.3.rel1.linux64_1.0.200.202406132123/tools/bin/../lib/gcc/arm-none-eabi/12.3.1/../../../../arm-none-eabi/lib/thumb/v7e-m+fp/hard/libc_nano.a(libc_a-init.o)
                0x0800161c                __libc_init_array
 *(.glue_7)
 .glue_7        0x08001664        0x0 linker stubs
 *(.glue_7t)
 .glue_7t       0x08001664        0x0 linker stubs
 *(.eh_frame)
 .eh_frame      0x08001664        0x0 /home/talbanesi/st/stm32cubeide_1.16.0/plugins/com.st.stm32cube.ide.mcu.externaltools.gnu-tools-for-stm32.12.3.rel1.linux64_1.0.200.202406132123/tools/bin/../lib/gcc/arm-none-eabi/12.3.1/thumb/v7e-m+fp/hard/crtbegin.o
 *(.init)
 .init          0x08001664        0x4 /home/talbanesi/st/stm32cubeide_1.16.0/plugins/com.st.stm32cube.ide.mcu.externaltools.gnu-tools-for-stm32.12.3.rel1.linux64_1.0.200.202406132123/tools/bin/../lib/gcc/arm-none-eabi/12.3.1/thumb/v7e-m+fp/hard/crti.o
                0x08001664                _init
 .init          0x08001668        0x8 /home/talbanesi/st/stm32cubeide_1.16.0/plugins/com.st.stm32cube.ide.mcu.externaltools.gnu-tools-for-stm32.12.3.rel1.linux64_1.0.200.202406132123/tools/bin/../lib/gcc/arm-none-eabi/12.3.1/thumb/v7e-m+fp/hard/crtn.o
 *(.fini)
 .fini          0x08001670        0x4 /home/talbanesi/st/stm32cubeide_1.16.0/plugins/com.st.stm32cube.ide.mcu.externaltools.gnu-tools-for-stm32.12.3.rel1.linux64_1.0.200.202406132123/tools/bin/../lib/gcc/arm-none-eabi/12.3.1/thumb/v7e-m+fp/hard/crti.o
                0x08001670                _fini
 .fini          0x08001674        0x8 /home/talbanesi/st/stm32cubeide_1.16.0/plugins/com.st.stm32cube.ide.mcu.externaltools.gnu-tools-for-stm32.12.3.rel1.linux64_1.0.200.202406132123/tools/bin/../lib/gcc/arm-none-eabi/12.3.1/thumb/v7e-m+fp/hard/crtn.o
                0x0800167c                        . = ALIGN (0x4)
                0x0800167c                        _etext = .

.vfp11_veneer   0x0800167c        0x0
 .vfp11_veneer  0x0800167c        0x0 linker stubs

.v4_bx          0x0800167c        0x0
 .v4_bx         0x0800167c        0x0 linker stubs

.iplt           0x0800167c        0x0
 .iplt          0x0800167c        0x0 /home/talbanesi/st/stm32cubeide_1.16.0/plugins/com.st.stm32cube.ide.mcu.externaltools.gnu-tools-for-stm32.12.3.rel1.linux64_1.0.200.202406132123/tools/bin/../lib/gcc/arm-none-eabi/12.3.1/thumb/v7e-m+fp/hard/crtbegin.o

.rodata         0x0800167c       0x10
                0x0800167c                        . = ALIGN (0x4)
 *(.rodata)
 *(.rodata*)
 .rodata.AHBPrescTable
                0x0800167c       0x10 ./Drivers/CMSIS/system_stm32f4xx.o
                0x0800167c                AHBPrescTable
                0x0800168c                        . = ALIGN (0x4)

.ARM.extab      0x0800168c        0x0
                0x0800168c                        . = ALIGN (0x4)
 *(.ARM.extab* .gnu.linkonce.armextab.*)
                0x0800168c                        . = ALIGN (0x4)

.ARM            0x0800168c        0x8
                0x0800168c                        . = ALIGN (0x4)
                0x0800168c                        __exidx_start = .
 *(.ARM.exidx*)
 .ARM.exidx     0x0800168c        0x8 /home/talbanesi/st/stm32cubeide_1.16.0/plugins/com.st.stm32cube.ide.mcu.externaltools.gnu-tools-for-stm32.12.3.rel1.linux64_1.0.200.202406132123/tools/bin/../lib/gcc/arm-none-eabi/12.3.1/thumb/v7e-m+fp/hard/libgcc.a(_udivmoddi4.o)
                0x08001694                        __exidx_end = .
                0x08001694                        . = ALIGN (0x4)

.rel.dyn        0x08001694        0x0
 .rel.iplt      0x08001694        0x0 /home/talbanesi/st/stm32cubeide_1.16.0/plugins/com.st.stm32cube.ide.mcu.externaltools.gnu-tools-for-stm32.12.3.rel1.linux64_1.0.200.202406132123/tools/bin/../lib/gcc/arm-none-eabi/12.3.1/thumb/v7e-m+fp/hard/crtbegin.o

.preinit_array  0x08001694        0x0
                0x08001694                        . = ALIGN (0x4)
                0x08001694                        PROVIDE (__preinit_array_start = .)
 *(.preinit_array*)
                0x08001694                        PROVIDE (__preinit_array_end = .)
                0x08001694                        . = ALIGN (0x4)

.init_array     0x08001694        0x4
                0x08001694                        . = ALIGN (0x4)
                0x08001694                        PROVIDE (__init_array_start = .)
 *(SORT_BY_NAME(.init_array.*))
 *(.init_array*)
 .init_array    0x08001694        0x4 /home/talbanesi/st/stm32cubeide_1.16.0/plugins/com.st.stm32cube.ide.mcu.externaltools.gnu-tools-for-stm32.12.3.rel1.linux64_1.0.200.202406132123/tools/bin/../lib/gcc/arm-none-eabi/12.3.1/thumb/v7e-m+fp/hard/crtbegin.o
                0x08001698                        PROVIDE (__init_array_end = .)
                0x08001698                        . = ALIGN (0x4)

.fini_array     0x08001698        0x4
                0x08001698                        . = ALIGN (0x4)
                [!provide]                        PROVIDE (__fini_array_start = .)
 *(SORT_BY_NAME(.fini_array.*))
 *(.fini_array*)
 .fini_array    0x08001698        0x4 /home/talbanesi/st/stm32cubeide_1.16.0/plugins/com.st.stm32cube.ide.mcu.externaltools.gnu-tools-for-stm32.12.3.rel1.linux64_1.0.200.202406132123/tools/bin/../lib/gcc/arm-none-eabi/12.3.1/thumb/v7e-m+fp/hard/crtbegin.o
                [!provide]                        PROVIDE (__fini_array_end = .)
                0x0800169c                        . = ALIGN (0x4)
                0x0800169c                        _sidata = LOADADDR (.data)

.data           0x20000000        0xc load address 0x0800169c
                0x20000000                        . = ALIGN (0x4)
                0x20000000                        _sdata = .
 *(.data)
 *(.data*)
 .data.SystemCoreClock
                0x20000000        0x4 ./Drivers/CMSIS/system_stm32f4xx.o
                0x20000000                SystemCoreClock
 .data.uwTickPrio
                0x20000004        0x4 ./Drivers/STM32F4xx_HAL_Driver/stm32f4xx_hal.o
                0x20000004                uwTickPrio
 .data.uwTickFreq
                0x20000008        0x1 ./Drivers/STM32F4xx_HAL_Driver/stm32f4xx_hal.o
                0x20000008                uwTickFreq
 *(.RamFunc)
 *(.RamFunc*)
                0x2000000c                        . = ALIGN (0x4)
 *fill*         0x20000009        0x3 
                0x2000000c                        _edata = .

.igot.plt       0x2000000c        0x0 load address 0x080016a8
 .igot.plt      0x2000000c        0x0 /home/talbanesi/st/stm32cubeide_1.16.0/plugins/com.st.stm32cube.ide.mcu.externaltools.gnu-tools-for-stm32.12.3.rel1.linux64_1.0.200.202406132123/tools/bin/../lib/gcc/arm-none-eabi/12.3.1/thumb/v7e-m+fp/hard/crtbegin.o
                0x2000000c                        . = ALIGN (0x4)

.bss            0x2000000c       0x34 load address 0x080016a8
                0x2000000c                        _sbss = .
                0x2000000c                        __bss_start__ = _sbss
 *(.bss)
 .bss           0x2000000c       0x1c /home/talbanesi/st/stm32cubeide_1.16.0/plugins/com.st.stm32cube.ide.mcu.externaltools.gnu-tools-for-stm32.12.3.rel1.linux64_1.0.200.202406132123/tools/bin/../lib/gcc/arm-none-eabi/12.3.1/thumb/v7e-m+fp/hard/crtbegin.o
 *(.bss*)
 .bss.uwTick    0x20000028        0x4 ./Drivers/STM32F4xx_HAL_Driver/stm32f4xx_hal.o
                0x20000028                uwTick
 .bss.GPIO_InitStruct
                0x2000002c       0x14 ./Example/User/main.o
 *(COMMON)
                0x20000040                        . = ALIGN (0x4)
                0x20000040                        _ebss = .
                0x20000040                        __bss_end__ = _ebss

._user_heap_stack
                0x20000040      0x600 load address 0x080016a8
                0x20000040                        . = ALIGN (0x8)
                [!provide]                        PROVIDE (end = .)
                0x20000040                        PROVIDE (_end = .)
                0x20000240                        . = (. + _Min_Heap_Size)
 *fill*         0x20000040      0x200 
                0x20000640                        . = (. + _Min_Stack_Size)
 *fill*         0x20000240      0x400 
                0x20000640                        . = ALIGN (0x8)

/DISCARD/
 libc.a(*)
 libm.a(*)
 libgcc.a(*)

.ARM.attributes
                0x00000000       0x30
 *(.ARM.attributes)
 .ARM.attributes
                0x00000000       0x22 /home/talbanesi/st/stm32cubeide_1.16.0/plugins/com.st.stm32cube.ide.mcu.externaltools.gnu-tools-for-stm32.12.3.rel1.linux64_1.0.200.202406132123/tools/bin/../lib/gcc/arm-none-eabi/12.3.1/thumb/v7e-m+fp/hard/crti.o
 .ARM.attributes
                0x00000022       0x34 /home/talbanesi/st/stm32cubeide_1.16.0/plugins/com.st.stm32cube.ide.mcu.externaltools.gnu-tools-for-stm32.12.3.rel1.linux64_1.0.200.202406132123/tools/bin/../lib/gcc/arm-none-eabi/12.3.1/thumb/v7e-m+fp/hard/crtbegin.o
 .ARM.attributes
                0x00000056       0x34 ./Drivers/CMSIS/system_stm32f4xx.o
 .ARM.attributes
                0x0000008a       0x34 ./Drivers/STM32F4xx_HAL_Driver/stm32f4xx_hal.o
 .ARM.attributes
                0x000000be       0x34 ./Drivers/STM32F4xx_HAL_Driver/stm32f4xx_hal_cortex.o
 .ARM.attributes
                0x000000f2       0x34 ./Drivers/STM32F4xx_HAL_Driver/stm32f4xx_hal_gpio.o
 .ARM.attributes
                0x00000126       0x34 ./Drivers/STM32F4xx_HAL_Driver/stm32f4xx_hal_rcc.o
 .ARM.attributes
                0x0000015a       0x21 ./Example/Startup/startup_stm32f401ceux.o
 .ARM.attributes
                0x0000017b       0x34 ./Example/User/main.o
 .ARM.attributes
                0x000001af       0x34 ./Example/User/stm32f4xx_it.o
 .ARM.attributes
                0x000001e3       0x34 /home/talbanesi/st/stm32cubeide_1.16.0/plugins/com.st.stm32cube.ide.mcu.externaltools.gnu-tools-for-stm32.12.3.rel1.linux64_1.0.200.202406132123/tools/bin/../lib/gcc/arm-none-eabi/12.3.1/../../../../arm-none-eabi/lib/thumb/v7e-m+fp/hard/libc_nano.a(libc_a-init.o)
 .ARM.attributes
                0x00000217       0x22 /home/talbanesi/st/stm32cubeide_1.16.0/plugins/com.st.stm32cube.ide.mcu.externaltools.gnu-tools-for-stm32.12.3.rel1.linux64_1.0.200.202406132123/tools/bin/../lib/gcc/arm-none-eabi/12.3.1/thumb/v7e-m+fp/hard/libgcc.a(_aeabi_uldivmod.o)
 .ARM.attributes
                0x00000239       0x34 /home/talbanesi/st/stm32cubeide_1.16.0/plugins/com.st.stm32cube.ide.mcu.externaltools.gnu-tools-for-stm32.12.3.rel1.linux64_1.0.200.202406132123/tools/bin/../lib/gcc/arm-none-eabi/12.3.1/thumb/v7e-m+fp/hard/libgcc.a(_udivmoddi4.o)
 .ARM.attributes
                0x0000026d       0x22 /home/talbanesi/st/stm32cubeide_1.16.0/plugins/com.st.stm32cube.ide.mcu.externaltools.gnu-tools-for-stm32.12.3.rel1.linux64_1.0.200.202406132123/tools/bin/../lib/gcc/arm-none-eabi/12.3.1/thumb/v7e-m+fp/hard/libgcc.a(_dvmd_tls.o)
 .ARM.attributes
                0x0000028f       0x22 /home/talbanesi/st/stm32cubeide_1.16.0/plugins/com.st.stm32cube.ide.mcu.externaltools.gnu-tools-for-stm32.12.3.rel1.linux64_1.0.200.202406132123/tools/bin/../lib/gcc/arm-none-eabi/12.3.1/thumb/v7e-m+fp/hard/crtn.o
OUTPUT(GPIO_IOToggle.elf elf32-littlearm)
LOAD linker stubs
LOAD /home/talbanesi/st/stm32cubeide_1.16.0/plugins/com.st.stm32cube.ide.mcu.externaltools.gnu-tools-for-stm32.12.3.rel1.linux64_1.0.200.202406132123/tools/bin/../lib/gcc/arm-none-eabi/12.3.1/../../../../arm-none-eabi/lib/thumb/v7e-m+fp/hard/libc.a
LOAD /home/talbanesi/st/stm32cubeide_1.16.0/plugins/com.st.stm32cube.ide.mcu.externaltools.gnu-tools-for-stm32.12.3.rel1.linux64_1.0.200.202406132123/tools/bin/../lib/gcc/arm-none-eabi/12.3.1/../../../../arm-none-eabi/lib/thumb/v7e-m+fp/hard/libm.a
LOAD /home/talbanesi/st/stm32cubeide_1.16.0/plugins/com.st.stm32cube.ide.mcu.externaltools.gnu-tools-for-stm32.12.3.rel1.linux64_1.0.200.202406132123/tools/bin/../lib/gcc/arm-none-eabi/12.3.1/thumb/v7e-m+fp/hard/libgcc.a

.debug_info     0x00000000     0x3208
 .debug_info    0x00000000      0x53e ./Drivers/CMSIS/system_stm32f4xx.o
 .debug_info    0x0000053e      0x8bb ./Drivers/STM32F4xx_HAL_Driver/stm32f4xx_hal.o
 .debug_info    0x00000df9      0xcc1 ./Drivers/STM32F4xx_HAL_Driver/stm32f4xx_hal_cortex.o
 .debug_info    0x00001aba      0x6f9 ./Drivers/STM32F4xx_HAL_Driver/stm32f4xx_hal_gpio.o
 .debug_info    0x000021b3      0x8f3 ./Drivers/STM32F4xx_HAL_Driver/stm32f4xx_hal_rcc.o
 .debug_info    0x00002aa6       0x30 ./Example/Startup/startup_stm32f401ceux.o
 .debug_info    0x00002ad6      0x620 ./Example/User/main.o
 .debug_info    0x000030f6      0x112 ./Example/User/stm32f4xx_it.o

.debug_abbrev   0x00000000      0xd5c
 .debug_abbrev  0x00000000      0x11a ./Drivers/CMSIS/system_stm32f4xx.o
 .debug_abbrev  0x0000011a      0x24b ./Drivers/STM32F4xx_HAL_Driver/stm32f4xx_hal.o
 .debug_abbrev  0x00000365      0x328 ./Drivers/STM32F4xx_HAL_Driver/stm32f4xx_hal_cortex.o
 .debug_abbrev  0x0000068d      0x1d3 ./Drivers/STM32F4xx_HAL_Driver/stm32f4xx_hal_gpio.o
 .debug_abbrev  0x00000860      0x2b5 ./Drivers/STM32F4xx_HAL_Driver/stm32f4xx_hal_rcc.o
 .debug_abbrev  0x00000b15       0x24 ./Example/Startup/startup_stm32f401ceux.o
 .debug_abbrev  0x00000b39      0x1b0 ./Example/User/main.o
 .debug_abbrev  0x00000ce9       0x73 ./Example/User/stm32f4xx_it.o

.debug_aranges  0x00000000      0x3d0
 .debug_aranges
                0x00000000       0x28 ./Drivers/CMSIS/system_stm32f4xx.o
 .debug_aranges
                0x00000028       0xf0 ./Drivers/STM32F4xx_HAL_Driver/stm32f4xx_hal.o
 .debug_aranges
                0x00000118      0x120 ./Drivers/STM32F4xx_HAL_Driver/stm32f4xx_hal_cortex.o
 .debug_aranges
                0x00000238       0x58 ./Drivers/STM32F4xx_HAL_Driver/stm32f4xx_hal_gpio.o
 .debug_aranges
                0x00000290       0x88 ./Drivers/STM32F4xx_HAL_Driver/stm32f4xx_hal_rcc.o
 .debug_aranges
                0x00000318       0x28 ./Example/Startup/startup_stm32f401ceux.o
 .debug_aranges
                0x00000340       0x30 ./Example/User/main.o
 .debug_aranges
                0x00000370       0x60 ./Example/User/stm32f4xx_it.o

.debug_rnglists
                0x00000000      0x2be
 .debug_rnglists
                0x00000000       0x1a ./Drivers/CMSIS/system_stm32f4xx.o
 .debug_rnglists
                0x0000001a       0xaf ./Drivers/STM32F4xx_HAL_Driver/stm32f4xx_hal.o
 .debug_rnglists
                0x000000c9       0xd4 ./Drivers/STM32F4xx_HAL_Driver/stm32f4xx_hal_cortex.o
 .debug_rnglists
                0x0000019d       0x3f ./Drivers/STM32F4xx_HAL_Driver/stm32f4xx_hal_gpio.o
 .debug_rnglists
                0x000001dc       0x66 ./Drivers/STM32F4xx_HAL_Driver/stm32f4xx_hal_rcc.o
 .debug_rnglists
                0x00000242       0x19 ./Example/Startup/startup_stm32f401ceux.o
 .debug_rnglists
                0x0000025b       0x20 ./Example/User/main.o
 .debug_rnglists
                0x0000027b       0x43 ./Example/User/stm32f4xx_it.o

.debug_macro    0x00000000      0xf5f
 .debug_macro   0x00000000      0x1de ./Drivers/CMSIS/system_stm32f4xx.o
 .debug_macro   0x000001de      0x238 ./Drivers/STM32F4xx_HAL_Driver/stm32f4xx_hal.o
 .debug_macro   0x00000416      0x1d8 ./Drivers/STM32F4xx_HAL_Driver/stm32f4xx_hal_cortex.o
 .debug_macro   0x000005ee      0x1de ./Drivers/STM32F4xx_HAL_Driver/stm32f4xx_hal_gpio.o
 .debug_macro   0x000007cc      0x1fc ./Drivers/STM32F4xx_HAL_Driver/stm32f4xx_hal_rcc.o
 .debug_macro   0x000009c8      0x1eb ./Example/User/main.o
 .debug_macro   0x00000bb3      0x1b3 ./Example/User/main.o
 .debug_macro   0x00000d66      0x1f9 ./Example/User/stm32f4xx_it.o

.debug_line     0x00000000     0x4756
 .debug_line    0x00000000      0x7b5 ./Drivers/CMSIS/system_stm32f4xx.o
 .debug_line    0x000007b5      0x9fb ./Drivers/STM32F4xx_HAL_Driver/stm32f4xx_hal.o
 .debug_line    0x000011b0      0xcc3 ./Drivers/STM32F4xx_HAL_Driver/stm32f4xx_hal_cortex.o
 .debug_line    0x00001e73      0xb4b ./Drivers/STM32F4xx_HAL_Driver/stm32f4xx_hal_gpio.o
 .debug_line    0x000029be      0xd6e ./Drivers/STM32F4xx_HAL_Driver/stm32f4xx_hal_rcc.o
 .debug_line    0x0000372c       0x7a ./Example/Startup/startup_stm32f401ceux.o
 .debug_line    0x000037a6      0x7b4 ./Example/User/main.o
 .debug_line    0x00003f5a      0x7fc ./Example/User/stm32f4xx_it.o

.debug_str      0x00000000    0x8b48c
 .debug_str     0x00000000    0x893b5 ./Drivers/CMSIS/system_stm32f4xx.o
                              0x89622 (size before relaxing)
 .debug_str     0x000893b5      0xa49 ./Drivers/STM32F4xx_HAL_Driver/stm32f4xx_hal.o
                              0x8a034 (size before relaxing)
 .debug_str     0x00089dfe      0x3b9 ./Drivers/STM32F4xx_HAL_Driver/stm32f4xx_hal_cortex.o
                              0x89d6c (size before relaxing)
 .debug_str     0x0008a1b7      0x22c ./Drivers/STM32F4xx_HAL_Driver/stm32f4xx_hal_gpio.o
                              0x8978d (size before relaxing)
 .debug_str     0x0008a3e3      0x3c5 ./Drivers/STM32F4xx_HAL_Driver/stm32f4xx_hal_rcc.o
                              0x89a46 (size before relaxing)
 .debug_str     0x0008a7a8       0x47 ./Example/Startup/startup_stm32f401ceux.o
                                 0xa4 (size before relaxing)
 .debug_str     0x0008a7ef      0xb9e ./Example/User/main.o
                              0x8a2c2 (size before relaxing)
 .debug_str     0x0008b38d       0xff ./Example/User/stm32f4xx_it.o
                              0x89fea (size before relaxing)

.comment        0x00000000       0x43
 .comment       0x00000000       0x43 ./Drivers/CMSIS/system_stm32f4xx.o
                                 0x44 (size before relaxing)
 .comment       0x00000043       0x44 ./Drivers/STM32F4xx_HAL_Driver/stm32f4xx_hal.o
 .comment       0x00000043       0x44 ./Drivers/STM32F4xx_HAL_Driver/stm32f4xx_hal_cortex.o
 .comment       0x00000043       0x44 ./Drivers/STM32F4xx_HAL_Driver/stm32f4xx_hal_gpio.o
 .comment       0x00000043       0x44 ./Drivers/STM32F4xx_HAL_Driver/stm32f4xx_hal_rcc.o
 .comment       0x00000043       0x44 ./Example/User/main.o
 .comment       0x00000043       0x44 ./Example/User/stm32f4xx_it.o

.debug_frame    0x00000000      0xdc8
 .debug_frame   0x00000000       0x58 ./Drivers/CMSIS/system_stm32f4xx.o
 .debug_frame   0x00000058      0x374 ./Drivers/STM32F4xx_HAL_Driver/stm32f4xx_hal.o
 .debug_frame   0x000003cc      0x4b8 ./Drivers/STM32F4xx_HAL_Driver/stm32f4xx_hal_cortex.o
 .debug_frame   0x00000884      0x14c ./Drivers/STM32F4xx_HAL_Driver/stm32f4xx_hal_gpio.o
 .debug_frame   0x000009d0      0x1f4 ./Drivers/STM32F4xx_HAL_Driver/stm32f4xx_hal_rcc.o
 .debug_frame   0x00000bc4       0x6c ./Example/User/main.o
 .debug_frame   0x00000c30      0x10c ./Example/User/stm32f4xx_it.o
 .debug_frame   0x00000d3c       0x2c /home/talbanesi/st/stm32cubeide_1.16.0/plugins/com.st.stm32cube.ide.mcu.externaltools.gnu-tools-for-stm32.12.3.rel1.linux64_1.0.200.202406132123/tools/bin/../lib/gcc/arm-none-eabi/12.3.1/../../../../arm-none-eabi/lib/thumb/v7e-m+fp/hard/libc_nano.a(libc_a-init.o)
 .debug_frame   0x00000d68       0x2c /home/talbanesi/st/stm32cubeide_1.16.0/plugins/com.st.stm32cube.ide.mcu.externaltools.gnu-tools-for-stm32.12.3.rel1.linux64_1.0.200.202406132123/tools/bin/../lib/gcc/arm-none-eabi/12.3.1/thumb/v7e-m+fp/hard/libgcc.a(_aeabi_uldivmod.o)
 .debug_frame   0x00000d94       0x34 /home/talbanesi/st/stm32cubeide_1.16.0/plugins/com.st.stm32cube.ide.mcu.externaltools.gnu-tools-for-stm32.12.3.rel1.linux64_1.0.200.202406132123/tools/bin/../lib/gcc/arm-none-eabi/12.3.1/thumb/v7e-m+fp/hard/libgcc.a(_udivmoddi4.o)

.debug_line_str
                0x00000000       0x88
 .debug_line_str
                0x00000000       0x88 ./Example/Startup/startup_stm32f401ceux.o
